Archive member included to satisfy reference by file (symbol)

../libs\libarm_cortexM4lf_math.a(arm_rfft_q31.o)
                              ./Core/Src/main.o (arm_rfft_q31)
../libs\libarm_cortexM4lf_math.a(arm_rfft_init_q31.o)
                              ./Core/Src/main.o (arm_rfft_init_q31)
../libs\libarm_cortexM4lf_math.a(arm_cmplx_mag_q31.o)
                              ./Core/Src/main.o (arm_cmplx_mag_q31)
../libs\libarm_cortexM4lf_math.a(arm_sqrt_q31.o)
                              ../libs\libarm_cortexM4lf_math.a(arm_cmplx_mag_q31.o) (arm_sqrt_q31)
../libs\libarm_cortexM4lf_math.a(arm_shift_q31.o)
                              ./Core/Src/main.o (arm_shift_q31)
../libs\libarm_cortexM4lf_math.a(arm_const_structs.o)
                              ../libs\libarm_cortexM4lf_math.a(arm_rfft_init_q31.o) (arm_cfft_sR_q31_len4096)
../libs\libarm_cortexM4lf_math.a(arm_common_tables.o)
                              ../libs\libarm_cortexM4lf_math.a(arm_const_structs.o) (armBitRevIndexTable_fixed_4096)
../libs\libarm_cortexM4lf_math.a(arm_cfft_q31.o)
                              ../libs\libarm_cortexM4lf_math.a(arm_rfft_q31.o) (arm_cfft_q31)
../libs\libarm_cortexM4lf_math.a(arm_bitreversal2.o)
                              ../libs\libarm_cortexM4lf_math.a(arm_cfft_q31.o) (arm_bitreversal_32)
../libs\libarm_cortexM4lf_math.a(arm_cfft_radix4_q31.o)
                              ../libs\libarm_cortexM4lf_math.a(arm_cfft_q31.o) (arm_radix4_butterfly_q31)
../libs\libarm_cortexM4lf_math.a(arm_bitreversal.o)
                              ../libs\libarm_cortexM4lf_math.a(arm_cfft_radix4_q31.o) (arm_bitreversal_q31)
c:/st/stm32cubeide_1.10.1/stm32cubeide/plugins/com.st.stm32cube.ide.mcu.externaltools.gnu-tools-for-stm32.10.3-2021.10.win32_1.0.0.202111181127/tools/bin/../lib/gcc/arm-none-eabi/10.3.1/../../../../arm-none-eabi/lib/thumb/v7e-m+fp/hard\libc_nano.a(lib_a-errno.o)
                              ./Core/Src/syscalls.o (__errno)
c:/st/stm32cubeide_1.10.1/stm32cubeide/plugins/com.st.stm32cube.ide.mcu.externaltools.gnu-tools-for-stm32.10.3-2021.10.win32_1.0.0.202111181127/tools/bin/../lib/gcc/arm-none-eabi/10.3.1/../../../../arm-none-eabi/lib/thumb/v7e-m+fp/hard\libc_nano.a(lib_a-exit.o)
                              c:/st/stm32cubeide_1.10.1/stm32cubeide/plugins/com.st.stm32cube.ide.mcu.externaltools.gnu-tools-for-stm32.10.3-2021.10.win32_1.0.0.202111181127/tools/bin/../lib/gcc/arm-none-eabi/10.3.1/../../../../arm-none-eabi/lib/thumb/v7e-m+fp/hard/crt0.o (exit)
c:/st/stm32cubeide_1.10.1/stm32cubeide/plugins/com.st.stm32cube.ide.mcu.externaltools.gnu-tools-for-stm32.10.3-2021.10.win32_1.0.0.202111181127/tools/bin/../lib/gcc/arm-none-eabi/10.3.1/../../../../arm-none-eabi/lib/thumb/v7e-m+fp/hard\libc_nano.a(lib_a-impure.o)
                              c:/st/stm32cubeide_1.10.1/stm32cubeide/plugins/com.st.stm32cube.ide.mcu.externaltools.gnu-tools-for-stm32.10.3-2021.10.win32_1.0.0.202111181127/tools/bin/../lib/gcc/arm-none-eabi/10.3.1/../../../../arm-none-eabi/lib/thumb/v7e-m+fp/hard\libc_nano.a(lib_a-exit.o) (_global_impure_ptr)
c:/st/stm32cubeide_1.10.1/stm32cubeide/plugins/com.st.stm32cube.ide.mcu.externaltools.gnu-tools-for-stm32.10.3-2021.10.win32_1.0.0.202111181127/tools/bin/../lib/gcc/arm-none-eabi/10.3.1/../../../../arm-none-eabi/lib/thumb/v7e-m+fp/hard\libc_nano.a(lib_a-init.o)
                              c:/st/stm32cubeide_1.10.1/stm32cubeide/plugins/com.st.stm32cube.ide.mcu.externaltools.gnu-tools-for-stm32.10.3-2021.10.win32_1.0.0.202111181127/tools/bin/../lib/gcc/arm-none-eabi/10.3.1/../../../../arm-none-eabi/lib/thumb/v7e-m+fp/hard/crt0.o (__libc_init_array)
c:/st/stm32cubeide_1.10.1/stm32cubeide/plugins/com.st.stm32cube.ide.mcu.externaltools.gnu-tools-for-stm32.10.3-2021.10.win32_1.0.0.202111181127/tools/bin/../lib/gcc/arm-none-eabi/10.3.1/../../../../arm-none-eabi/lib/thumb/v7e-m+fp/hard\libc_nano.a(lib_a-memset.o)
                              c:/st/stm32cubeide_1.10.1/stm32cubeide/plugins/com.st.stm32cube.ide.mcu.externaltools.gnu-tools-for-stm32.10.3-2021.10.win32_1.0.0.202111181127/tools/bin/../lib/gcc/arm-none-eabi/10.3.1/../../../../arm-none-eabi/lib/thumb/v7e-m+fp/hard/crt0.o (memset)
c:/st/stm32cubeide_1.10.1/stm32cubeide/plugins/com.st.stm32cube.ide.mcu.externaltools.gnu-tools-for-stm32.10.3-2021.10.win32_1.0.0.202111181127/tools/bin/../lib/gcc/arm-none-eabi/10.3.1/thumb/v7e-m+fp/hard\libgcc.a(_aeabi_ldivmod.o)
                              ./Drivers/STM32F4xx_HAL_Driver/Src/stm32f4xx_hal_rcc.o (__aeabi_ldivmod)
c:/st/stm32cubeide_1.10.1/stm32cubeide/plugins/com.st.stm32cube.ide.mcu.externaltools.gnu-tools-for-stm32.10.3-2021.10.win32_1.0.0.202111181127/tools/bin/../lib/gcc/arm-none-eabi/10.3.1/thumb/v7e-m+fp/hard\libgcc.a(_aeabi_uldivmod.o)
                              ./Drivers/STM32F4xx_HAL_Driver/Src/stm32f4xx_hal_rcc.o (__aeabi_uldivmod)
[...]
Memory Configuration

Name             Origin             Length             Attributes
CCMRAM           0x0000000010000000 0x0000000000010000 xrw
RAM              0x0000000020000000 0x0000000000030000 xrw
FLASH            0x0000000008000000 0x0000000000200000 xr
*default*        0x0000000000000000 0xffffffffffffffff

Linker script and memory map

LOAD c:/st/stm32cubeide_1.10.1/stm32cubeide/plugins/com.st.stm32cube.ide.mcu.externaltools.gnu-tools-for-stm32.10.3-2021.10.win32_1.0.0.202111181127/tools/bin/../lib/gcc/arm-none-eabi/10.3.1/thumb/v7e-m+fp/hard/crti.o
LOAD c:/st/stm32cubeide_1.10.1/stm32cubeide/plugins/com.st.stm32cube.ide.mcu.externaltools.gnu-tools-for-stm32.10.3-2021.10.win32_1.0.0.202111181127/tools/bin/../lib/gcc/arm-none-eabi/10.3.1/thumb/v7e-m+fp/hard/crtbegin.o
LOAD c:/st/stm32cubeide_1.10.1/stm32cubeide/plugins/com.st.stm32cube.ide.mcu.externaltools.gnu-tools-for-stm32.10.3-2021.10.win32_1.0.0.202111181127/tools/bin/../lib/gcc/arm-none-eabi/10.3.1/../../../../arm-none-eabi/lib/thumb/v7e-m+fp/hard/crt0.o
LOAD ./Core/Src/MedianFilter.o
LOAD ./Core/Src/WM8994.o
LOAD ./Core/Src/adc.o
LOAD ./Core/Src/dma.o
LOAD ./Core/Src/dma2d.o
LOAD ./Core/Src/fmc.o
LOAD ./Core/Src/gpio.o
LOAD ./Core/Src/i2c.o
LOAD ./Core/Src/ltdc.o
LOAD ./Core/Src/main.o
LOAD ./Core/Src/sai.o
LOAD ./Core/Src/stm32f4xx_hal_msp.o
LOAD ./Core/Src/stm32f4xx_it.o
LOAD ./Core/Src/syscalls.o
LOAD ./Core/Src/sysmem.o
LOAD ./Core/Src/system_stm32f4xx.o
LOAD ./Core/Src/usart.o
LOAD ./Core/Startup/startup_stm32f429nihx.o
LOAD ./Drivers/BSP/Components/cs43l22/cs43l22.o
LOAD ./Drivers/BSP/Components/dp83848/dp83848.o
LOAD ./Drivers/BSP/Components/exc7200/exc7200.o
LOAD ./Drivers/BSP/Components/ft3x67/ft3x67.o
LOAD ./Drivers/BSP/Components/ft6x06/ft6x06.o
LOAD ./Drivers/BSP/Components/i3g4250d/i3g4250d.o
LOAD ./Drivers/BSP/Components/ili9325/ili9325.o
LOAD ./Drivers/BSP/Components/ili9341/ili9341.o
LOAD ./Drivers/BSP/Components/l3gd20/l3gd20.o
LOAD ./Drivers/BSP/Components/lan8742/lan8742.o
LOAD ./Drivers/BSP/Components/lis302dl/lis302dl.o
LOAD ./Drivers/BSP/Components/lis3dsh/lis3dsh.o
LOAD ./Drivers/BSP/Components/ls016b8uy/ls016b8uy.o
LOAD ./Drivers/BSP/Components/lsm303agr/lsm303agr.o
LOAD ./Drivers/BSP/Components/lsm303dlhc/lsm303dlhc.o
LOAD ./Drivers/BSP/Components/mfxstm32l152/mfxstm32l152.o
LOAD ./Drivers/BSP/Components/nt35510/nt35510.o
LOAD ./Drivers/BSP/Components/otm8009a/otm8009a.o
LOAD ./Drivers/BSP/Components/ov2640/ov2640.o
LOAD ./Drivers/BSP/Components/ov5640/ov5640.o
LOAD ./Drivers/BSP/Components/s5k5cag/s5k5cag.o
LOAD ./Drivers/BSP/Components/st7735/st7735.o
LOAD ./Drivers/BSP/Components/st7789h2/st7789h2.o
LOAD ./Drivers/BSP/Components/stmpe1600/stmpe1600.o
LOAD ./Drivers/BSP/Components/stmpe811/stmpe811.o
LOAD ./Drivers/BSP/Components/ts3510/ts3510.o
LOAD ./Drivers/BSP/Components/wm8994/wm8994.o
LOAD ./Drivers/BSP/STM324x9I_EVAL/stm324x9i_eval.o
LOAD ./Drivers/BSP/STM324x9I_EVAL/stm324x9i_eval_eeprom.o
LOAD ./Drivers/BSP/STM324x9I_EVAL/stm324x9i_eval_io.o
LOAD ./Drivers/BSP/STM324x9I_EVAL/stm324x9i_eval_lcd.o
LOAD ./Drivers/BSP/STM324x9I_EVAL/stm324x9i_eval_sdram.o
LOAD ./Drivers/BSP/STM324x9I_EVAL/stm324x9i_eval_ts.o
LOAD ./Drivers/STM32F4xx_HAL_Driver/Src/stm32f4xx_hal.o
LOAD ./Drivers/STM32F4xx_HAL_Driver/Src/stm32f4xx_hal_adc.o
LOAD ./Drivers/STM32F4xx_HAL_Driver/Src/stm32f4xx_hal_adc_ex.o
LOAD ./Drivers/STM32F4xx_HAL_Driver/Src/stm32f4xx_hal_cortex.o
LOAD ./Drivers/STM32F4xx_HAL_Driver/Src/stm32f4xx_hal_dma.o
LOAD ./Drivers/STM32F4xx_HAL_Driver/Src/stm32f4xx_hal_dma2d.o
LOAD ./Drivers/STM32F4xx_HAL_Driver/Src/stm32f4xx_hal_dma_ex.o
LOAD ./Drivers/STM32F4xx_HAL_Driver/Src/stm32f4xx_hal_dsi.o
LOAD ./Drivers/STM32F4xx_HAL_Driver/Src/stm32f4xx_hal_exti.o
LOAD ./Drivers/STM32F4xx_HAL_Driver/Src/stm32f4xx_hal_flash.o
LOAD ./Drivers/STM32F4xx_HAL_Driver/Src/stm32f4xx_hal_flash_ex.o
LOAD ./Drivers/STM32F4xx_HAL_Driver/Src/stm32f4xx_hal_flash_ramfunc.o
LOAD ./Drivers/STM32F4xx_HAL_Driver/Src/stm32f4xx_hal_gpio.o
LOAD ./Drivers/STM32F4xx_HAL_Driver/Src/stm32f4xx_hal_i2c.o
LOAD ./Drivers/STM32F4xx_HAL_Driver/Src/stm32f4xx_hal_i2c_ex.o
LOAD ./Drivers/STM32F4xx_HAL_Driver/Src/stm32f4xx_hal_ltdc.o
LOAD ./Drivers/STM32F4xx_HAL_Driver/Src/stm32f4xx_hal_ltdc_ex.o
LOAD ./Drivers/STM32F4xx_HAL_Driver/Src/stm32f4xx_hal_pwr.o
LOAD ./Drivers/STM32F4xx_HAL_Driver/Src/stm32f4xx_hal_pwr_ex.o
LOAD ./Drivers/STM32F4xx_HAL_Driver/Src/stm32f4xx_hal_rcc.o
LOAD ./Drivers/STM32F4xx_HAL_Driver/Src/stm32f4xx_hal_rcc_ex.o
LOAD ./Drivers/STM32F4xx_HAL_Driver/Src/stm32f4xx_hal_sai.o
LOAD ./Drivers/STM32F4xx_HAL_Driver/Src/stm32f4xx_hal_sai_ex.o
LOAD ./Drivers/STM32F4xx_HAL_Driver/Src/stm32f4xx_hal_sdram.o
LOAD ./Drivers/STM32F4xx_HAL_Driver/Src/stm32f4xx_hal_tim.o
LOAD ./Drivers/STM32F4xx_HAL_Driver/Src/stm32f4xx_hal_tim_ex.o
LOAD ./Drivers/STM32F4xx_HAL_Driver/Src/stm32f4xx_hal_uart.o
LOAD ./Drivers/STM32F4xx_HAL_Driver/Src/stm32f4xx_ll_adc.o
LOAD ./Drivers/STM32F4xx_HAL_Driver/Src/stm32f4xx_ll_fmc.o
LOAD ../libs\libarm_cortexM4lf_math.a
START GROUP
LOAD c:/st/stm32cubeide_1.10.1/stm32cubeide/plugins/com.st.stm32cube.ide.mcu.externaltools.gnu-tools-for-stm32.10.3-2021.10.win32_1.0.0.202111181127/tools/bin/../lib/gcc/arm-none-eabi/10.3.1/../../../../arm-none-eabi/lib/thumb/v7e-m+fp/hard\libc_nano.a
LOAD c:/st/stm32cubeide_1.10.1/stm32cubeide/plugins/com.st.stm32cube.ide.mcu.externaltools.gnu-tools-for-stm32.10.3-2021.10.win32_1.0.0.202111181127/tools/bin/../lib/gcc/arm-none-eabi/10.3.1/../../../../arm-none-eabi/lib/thumb/v7e-m+fp/hard\libm.a
END GROUP
START GROUP
LOAD c:/st/stm32cubeide_1.10.1/stm32cubeide/plugins/com.st.stm32cube.ide.mcu.externaltools.gnu-tools-for-stm32.10.3-2021.10.win32_1.0.0.202111181127/tools/bin/../lib/gcc/arm-none-eabi/10.3.1/thumb/v7e-m+fp/hard\libgcc.a
LOAD c:/st/stm32cubeide_1.10.1/stm32cubeide/plugins/com.st.stm32cube.ide.mcu.externaltools.gnu-tools-for-stm32.10.3-2021.10.win32_1.0.0.202111181127/tools/bin/../lib/gcc/arm-none-eabi/10.3.1/../../../../arm-none-eabi/lib/thumb/v7e-m+fp/hard\libc_nano.a
END GROUP
START GROUP
LOAD c:/st/stm32cubeide_1.10.1/stm32cubeide/plugins/com.st.stm32cube.ide.mcu.externaltools.gnu-tools-for-stm32.10.3-2021.10.win32_1.0.0.202111181127/tools/bin/../lib/gcc/arm-none-eabi/10.3.1/thumb/v7e-m+fp/hard\libgcc.a
LOAD c:/st/stm32cubeide_1.10.1/stm32cubeide/plugins/com.st.stm32cube.ide.mcu.externaltools.gnu-tools-for-stm32.10.3-2021.10.win32_1.0.0.202111181127/tools/bin/../lib/gcc/arm-none-eabi/10.3.1/../../../../arm-none-eabi/lib/thumb/v7e-m+fp/hard\libc_nano.a
LOAD c:/st/stm32cubeide_1.10.1/stm32cubeide/plugins/com.st.stm32cube.ide.mcu.externaltools.gnu-tools-for-stm32.10.3-2021.10.win32_1.0.0.202111181127/tools/bin/../lib/gcc/arm-none-eabi/10.3.1/../../../../arm-none-eabi/lib/thumb/v7e-m+fp/hard\libnosys.a
END GROUP
START GROUP
LOAD c:/st/stm32cubeide_1.10.1/stm32cubeide/plugins/com.st.stm32cube.ide.mcu.externaltools.gnu-tools-for-stm32.10.3-2021.10.win32_1.0.0.202111181127/tools/bin/../lib/gcc/arm-none-eabi/10.3.1/thumb/v7e-m+fp/hard\libgcc.a
LOAD c:/st/stm32cubeide_1.10.1/stm32cubeide/plugins/com.st.stm32cube.ide.mcu.externaltools.gnu-tools-for-stm32.10.3-2021.10.win32_1.0.0.202111181127/tools/bin/../lib/gcc/arm-none-eabi/10.3.1/../../../../arm-none-eabi/lib/thumb/v7e-m+fp/hard\libc_nano.a
LOAD c:/st/stm32cubeide_1.10.1/stm32cubeide/plugins/com.st.stm32cube.ide.mcu.externaltools.gnu-tools-for-stm32.10.3-2021.10.win32_1.0.0.202111181127/tools/bin/../lib/gcc/arm-none-eabi/10.3.1/../../../../arm-none-eabi/lib/thumb/v7e-m+fp/hard\libnosys.a
END GROUP
LOAD c:/st/stm32cubeide_1.10.1/stm32cubeide/plugins/com.st.stm32cube.ide.mcu.externaltools.gnu-tools-for-stm32.10.3-2021.10.win32_1.0.0.202111181127/tools/bin/../lib/gcc/arm-none-eabi/10.3.1/thumb/v7e-m+fp/hard/crtend.o
LOAD c:/st/stm32cubeide_1.10.1/stm32cubeide/plugins/com.st.stm32cube.ide.mcu.externaltools.gnu-tools-for-stm32.10.3-2021.10.win32_1.0.0.202111181127/tools/bin/../lib/gcc/arm-none-eabi/10.3.1/thumb/v7e-m+fp/hard/crtn.o
                0x0000000020030000                _estack = (ORIGIN (RAM) + LENGTH (RAM))
                0x0000000000000200                _Min_Heap_Size = 0x200
                0x0000000000000400                _Min_Stack_Size = 0x400

.isr_vector     0x0000000008000000      0x1ac
                0x0000000008000000                . = ALIGN (0x4)
 *(.isr_vector)
 .isr_vector    0x0000000008000000      0x1ac ./Core/Startup/startup_stm32f429nihx.o
                0x0000000008000000                g_pfnVectors
                0x00000000080001ac                . = ALIGN (0x4)

.text           0x00000000080001b0     0x7754
                0x00000000080001b0                . = ALIGN (0x4)
 *(.text)
 .text          0x00000000080001b0       0x40 c:/st/stm32cubeide_1.10.1/stm32cubeide/plugins/com.st.stm32cube.ide.mcu.externaltools.gnu-tools-for-stm32.10.3-2021.10.win32_1.0.0.202111181127/tools/bin/../lib/gcc/arm-none-eabi/10.3.1/thumb/v7e-m+fp/hard/crtbegin.o
 .text          0x00000000080001f0       0xc0 ../libs\libarm_cortexM4lf_math.a(arm_bitreversal2.o)
                0x00000000080001f0                arm_bitreversal_32
                0x000000000800025a                arm_bitreversal_16
 .text          0x00000000080002b0       0x30 c:/st/stm32cubeide_1.10.1/stm32cubeide/plugins/com.st.stm32cube.ide.mcu.externaltools.gnu-tools-for-stm32.10.3-2021.10.win32_1.0.0.202111181127/tools/bin/../lib/gcc/arm-none-eabi/10.3.1/thumb/v7e-m+fp/hard\libgcc.a(_aeabi_uldivmod.o)
                0x00000000080002b0                __aeabi_uldivmod
 .text          0x00000000080002e0      0x2d0 c:/st/stm32cubeide_1.10.1/stm32cubeide/plugins/com.st.stm32cube.ide.mcu.externaltools.gnu-tools-for-stm32.10.3-2021.10.win32_1.0.0.202111181127/tools/bin/../lib/gcc/arm-none-eabi/10.3.1/thumb/v7e-m+fp/hard\libgcc.a(_udivmoddi4.o)
                0x00000000080002e0                __udivmoddi4
 .text          0x00000000080005b0        0x4 c:/st/stm32cubeide_1.10.1/stm32cubeide/plugins/com.st.stm32cube.ide.mcu.externaltools.gnu-tools-for-stm32.10.3-2021.10.win32_1.0.0.202111181127/tools/bin/../lib/gcc/arm-none-eabi/10.3.1/thumb/v7e-m+fp/hard\libgcc.a(_dvmd_tls.o)
                0x00000000080005b0                __aeabi_idiv0
                0x00000000080005b0                __aeabi_ldiv0
 *(.text*)
 .text.MEDIANFILTER_Init
                0x00000000080005b4       0x54 ./Core/Src/MedianFilter.o
                0x00000000080005b4                MEDIANFILTER_Init
 .text.MEDIANFILTER_Insert
                0x0000000008000608       0x7c ./Core/Src/MedianFilter.o
                0x0000000008000608                MEDIANFILTER_Insert
 .text.WM8994_Init
                0x0000000008000684       0x60 ./Core/Src/WM8994.o
                0x0000000008000684                WM8994_Init
 *fill*         0x00000000080006e4        0x4 
 .text.MX_ADC3_Init
                0x00000000080006e8       0x84 ./Core/Src/adc.o
                0x00000000080006e8                MX_ADC3_Init
 .text.HAL_ADC_MspInit
                0x000000000800076c       0x78 ./Core/Src/adc.o
                0x000000000800076c                HAL_ADC_MspInit
 .text.MX_DMA_Init
                0x00000000080007e4       0x44 ./Core/Src/dma.o
                0x00000000080007e4                MX_DMA_Init
 .text.MX_DMA2D_Init
                0x0000000008000828       0x58 ./Core/Src/dma2d.o
                0x0000000008000828                MX_DMA2D_Init
 .text.HAL_DMA2D_MspInit
                0x0000000008000880       0x30 ./Core/Src/dma2d.o
                0x0000000008000880                HAL_DMA2D_MspInit
 .text.MX_FMC_Init
                0x00000000080008b0       0x58 ./Core/Src/fmc.o
                0x00000000080008b0                MX_FMC_Init
 .text.HAL_SDRAM_MspInit
                0x0000000008000908       0xdc ./Core/Src/fmc.o
                0x0000000008000908                HAL_SDRAM_MspInit
 .text.MX_GPIO_Init
                0x00000000080009e4      0x11c ./Core/Src/gpio.o
                0x00000000080009e4                MX_GPIO_Init
 .text.MX_I2C1_Init
                0x0000000008000b00       0x70 ./Core/Src/i2c.o
                0x0000000008000b00                MX_I2C1_Init
 .text.MX_I2C3_Init
                0x0000000008000b70       0x70 ./Core/Src/i2c.o
                0x0000000008000b70                MX_I2C3_Init
 .text.HAL_I2C_MspInit
                0x0000000008000be0       0xf8 ./Core/Src/i2c.o
                0x0000000008000be0                HAL_I2C_MspInit
 .text.HAL_I2C_MspDeInit
                0x0000000008000cd8       0x6c ./Core/Src/i2c.o
                0x0000000008000cd8                HAL_I2C_MspDeInit
 .text.MX_LTDC_Init
                0x0000000008000d44       0xe4 ./Core/Src/ltdc.o
                0x0000000008000d44                MX_LTDC_Init
 .text.HAL_LTDC_MspInit
                0x0000000008000e28      0x264 ./Core/Src/ltdc.o
                0x0000000008000e28                HAL_LTDC_MspInit
 .text.soundProcess
                0x000000000800108c       0xc8 ./Core/Src/main.o
                0x000000000800108c                soundProcess
 .text.HAL_SAI_RxHalfCpltCallback
                0x0000000008001154       0x64 ./Core/Src/main.o
                0x0000000008001154                HAL_SAI_RxHalfCpltCallback
 .text.HAL_SAI_RxCpltCallback
                0x00000000080011b8       0x88 ./Core/Src/main.o
                0x00000000080011b8                HAL_SAI_RxCpltCallback
 .text.HAL_ADC_ConvCpltCallback
                0x0000000008001240       0x44 ./Core/Src/main.o
                0x0000000008001240                HAL_ADC_ConvCpltCallback
 *fill*         0x0000000008001284        0x4 
 .text.SystemClock_Config
                0x0000000008001288       0xe0 ./Core/Src/main.o
                0x0000000008001288                SystemClock_Config
 .text.PeriphCommonClock_Config
                0x0000000008001368       0x38 ./Core/Src/main.o
                0x0000000008001368                PeriphCommonClock_Config
 .text.startup.main
                0x00000000080013a0      0x204 ./Core/Src/main.o
                0x00000000080013a0                main
 .text.Error_Handler
                0x00000000080015a4        0x4 ./Core/Src/main.o
                0x00000000080015a4                Error_Handler
 .text.MX_SAI1_Init
                0x00000000080015a8       0xd8 ./Core/Src/sai.o
                0x00000000080015a8                MX_SAI1_Init
 .text.HAL_SAI_MspInit
                0x0000000008001680      0x180 ./Core/Src/sai.o
                0x0000000008001680                HAL_SAI_MspInit
 .text.HAL_MspInit
                0x0000000008001800       0x3c ./Core/Src/stm32f4xx_hal_msp.o
                0x0000000008001800                HAL_MspInit
 .text.NMI_Handler
                0x000000000800183c        0x4 ./Core/Src/stm32f4xx_it.o
                0x000000000800183c                NMI_Handler
 .text.HardFault_Handler
                0x0000000008001840        0x4 ./Core/Src/stm32f4xx_it.o
                0x0000000008001840                HardFault_Handler
 .text.MemManage_Handler
                0x0000000008001844        0x4 ./Core/Src/stm32f4xx_it.o
                0x0000000008001844                MemManage_Handler
 .text.BusFault_Handler
                0x0000000008001848        0x4 ./Core/Src/stm32f4xx_it.o
                0x0000000008001848                BusFault_Handler
 .text.UsageFault_Handler
                0x000000000800184c        0x4 ./Core/Src/stm32f4xx_it.o
                0x000000000800184c                UsageFault_Handler
 .text.SVC_Handler
                0x0000000008001850        0x4 ./Core/Src/stm32f4xx_it.o
                0x0000000008001850                SVC_Handler
 .text.DebugMon_Handler
                0x0000000008001854        0x4 ./Core/Src/stm32f4xx_it.o
                0x0000000008001854                DebugMon_Handler
 .text.PendSV_Handler
                0x0000000008001858        0x4 ./Core/Src/stm32f4xx_it.o
                0x0000000008001858                PendSV_Handler
 .text.SysTick_Handler
                0x000000000800185c        0x4 ./Core/Src/stm32f4xx_it.o
                0x000000000800185c                SysTick_Handler
 .text.ADC_IRQHandler
                0x0000000008001860        0xc ./Core/Src/stm32f4xx_it.o
                0x0000000008001860                ADC_IRQHandler
 .text.DMA2_Stream1_IRQHandler
                0x000000000800186c        0xc ./Core/Src/stm32f4xx_it.o
                0x000000000800186c                DMA2_Stream1_IRQHandler
 .text.DMA2_Stream4_IRQHandler
                0x0000000008001878        0xc ./Core/Src/stm32f4xx_it.o
                0x0000000008001878                DMA2_Stream4_IRQHandler
 .text.SAI1_IRQHandler
                0x0000000008001884       0x1c ./Core/Src/stm32f4xx_it.o
                0x0000000008001884                SAI1_IRQHandler
 .text.SystemInit
                0x00000000080018a0       0x14 ./Core/Src/system_stm32f4xx.o
                0x00000000080018a0                SystemInit
 .text.MX_USART1_UART_Init
                0x00000000080018b4       0x38 ./Core/Src/usart.o
                0x00000000080018b4                MX_USART1_UART_Init
 .text.HAL_UART_MspInit
                0x00000000080018ec       0xa0 ./Core/Src/usart.o
                0x00000000080018ec                HAL_UART_MspInit
 .text.Reset_Handler
                0x000000000800198c       0x50 ./Core/Startup/startup_stm32f429nihx.o
                0x000000000800198c                Reset_Handler
 .text.Default_Handler
                0x00000000080019dc        0x2 ./Core/Startup/startup_stm32f429nihx.o
                0x00000000080019dc                RTC_Alarm_IRQHandler
                0x00000000080019dc                HASH_RNG_IRQHandler
                0x00000000080019dc                EXTI2_IRQHandler
                0x00000000080019dc                TIM8_CC_IRQHandler
                0x00000000080019dc                UART8_IRQHandler
                0x00000000080019dc                SPI4_IRQHandler
                0x00000000080019dc                TIM1_CC_IRQHandler
                0x00000000080019dc                DMA2_Stream5_IRQHandler
                0x00000000080019dc                DMA1_Stream5_IRQHandler
                0x00000000080019dc                PVD_IRQHandler
                0x00000000080019dc                SDIO_IRQHandler
                0x00000000080019dc                TAMP_STAMP_IRQHandler
                0x00000000080019dc                CAN2_RX1_IRQHandler
                0x00000000080019dc                EXTI3_IRQHandler
                0x00000000080019dc                TIM8_TRG_COM_TIM14_IRQHandler
                0x00000000080019dc                TIM1_UP_TIM10_IRQHandler
                0x00000000080019dc                TIM8_UP_TIM13_IRQHandler
                0x00000000080019dc                I2C3_ER_IRQHandler
                0x00000000080019dc                EXTI0_IRQHandler
                0x00000000080019dc                I2C2_EV_IRQHandler
                0x00000000080019dc                DMA1_Stream2_IRQHandler
                0x00000000080019dc                CAN1_RX0_IRQHandler
                0x00000000080019dc                FPU_IRQHandler
                0x00000000080019dc                OTG_HS_WKUP_IRQHandler
                0x00000000080019dc                LTDC_ER_IRQHandler
                0x00000000080019dc                CAN2_SCE_IRQHandler
                0x00000000080019dc                DMA2_Stream2_IRQHandler
                0x00000000080019dc                SPI1_IRQHandler
                0x00000000080019dc                TIM6_DAC_IRQHandler
                0x00000000080019dc                TIM1_BRK_TIM9_IRQHandler
                0x00000000080019dc                DCMI_IRQHandler
                0x00000000080019dc                CAN2_RX0_IRQHandler
                0x00000000080019dc                DMA2_Stream3_IRQHandler
                0x00000000080019dc                USART6_IRQHandler
                0x00000000080019dc                USART3_IRQHandler
                0x00000000080019dc                CAN1_RX1_IRQHandler
                0x00000000080019dc                UART5_IRQHandler
                0x00000000080019dc                DMA2_Stream0_IRQHandler
                0x00000000080019dc                TIM4_IRQHandler
                0x00000000080019dc                I2C1_EV_IRQHandler
                0x00000000080019dc                DMA1_Stream6_IRQHandler
                0x00000000080019dc                DMA1_Stream1_IRQHandler
                0x00000000080019dc                UART4_IRQHandler
                0x00000000080019dc                TIM3_IRQHandler
                0x00000000080019dc                RCC_IRQHandler
                0x00000000080019dc                TIM8_BRK_TIM12_IRQHandler
                0x00000000080019dc                Default_Handler
                0x00000000080019dc                EXTI15_10_IRQHandler
                0x00000000080019dc                DMA1_Stream7_IRQHandler
                0x00000000080019dc                SPI5_IRQHandler
                0x00000000080019dc                TIM7_IRQHandler
                0x00000000080019dc                CAN2_TX_IRQHandler
                0x00000000080019dc                TIM5_IRQHandler
                0x00000000080019dc                DMA2_Stream7_IRQHandler
                0x00000000080019dc                I2C3_EV_IRQHandler
                0x00000000080019dc                EXTI9_5_IRQHandler
                0x00000000080019dc                RTC_WKUP_IRQHandler
                0x00000000080019dc                LTDC_IRQHandler
                0x00000000080019dc                ETH_WKUP_IRQHandler
                0x00000000080019dc                SPI2_IRQHandler
                0x00000000080019dc                OTG_HS_EP1_IN_IRQHandler
                0x00000000080019dc                DMA1_Stream0_IRQHandler
                0x00000000080019dc                CAN1_TX_IRQHandler
                0x00000000080019dc                EXTI4_IRQHandler
                0x00000000080019dc                ETH_IRQHandler
                0x00000000080019dc                OTG_HS_EP1_OUT_IRQHandler
                0x00000000080019dc                WWDG_IRQHandler
                0x00000000080019dc                SPI6_IRQHandler
                0x00000000080019dc                TIM2_IRQHandler
                0x00000000080019dc                OTG_FS_WKUP_IRQHandler
                0x00000000080019dc                TIM1_TRG_COM_TIM11_IRQHandler
                0x00000000080019dc                OTG_HS_IRQHandler
                0x00000000080019dc                DMA2D_IRQHandler
                0x00000000080019dc                EXTI1_IRQHandler
                0x00000000080019dc                UART7_IRQHandler
                0x00000000080019dc                USART2_IRQHandler
                0x00000000080019dc                I2C2_ER_IRQHandler
                0x00000000080019dc                CAN1_SCE_IRQHandler
                0x00000000080019dc                FLASH_IRQHandler
                0x00000000080019dc                USART1_IRQHandler
                0x00000000080019dc                OTG_FS_IRQHandler
                0x00000000080019dc                SPI3_IRQHandler
                0x00000000080019dc                DMA1_Stream4_IRQHandler
                0x00000000080019dc                I2C1_ER_IRQHandler
                0x00000000080019dc                FMC_IRQHandler
                0x00000000080019dc                DMA2_Stream6_IRQHandler
                0x00000000080019dc                DMA1_Stream3_IRQHandler
 *fill*         0x00000000080019de        0x2 
 .text.exc7200_Reset
                0x00000000080019e0        0x4 ./Drivers/BSP/Components/exc7200/exc7200.o
                0x00000000080019e0                exc7200_Reset
 .text.exc7200_ReadID
                0x00000000080019e4        0x4 ./Drivers/BSP/Components/exc7200/exc7200.o
                0x00000000080019e4                exc7200_ReadID
 .text.exc7200_TS_ITStatus
                0x00000000080019e8        0x4 ./Drivers/BSP/Components/exc7200/exc7200.o
                0x00000000080019e8                exc7200_TS_ITStatus
 .text.exc7200_Init
                0x00000000080019ec        0x4 ./Drivers/BSP/Components/exc7200/exc7200.o
                0x00000000080019ec                exc7200_Init
 .text.exc7200_TS_DetectTouch
                0x00000000080019f0       0x28 ./Drivers/BSP/Components/exc7200/exc7200.o
                0x00000000080019f0                exc7200_TS_DetectTouch
 .text.exc7200_TS_GetXY
                0x0000000008001a18       0x38 ./Drivers/BSP/Components/exc7200/exc7200.o
                0x0000000008001a18                exc7200_TS_GetXY
 .text.exc7200_TS_DisableIT
                0x0000000008001a50        0x4 ./Drivers/BSP/Components/exc7200/exc7200.o
                0x0000000008001a50                exc7200_TS_DisableIT
 .text.exc7200_TS_ClearIT
                0x0000000008001a54        0x4 ./Drivers/BSP/Components/exc7200/exc7200.o
                0x0000000008001a54                exc7200_TS_ClearIT
 .text.exc7200_TS_Start
                0x0000000008001a58        0x4 ./Drivers/BSP/Components/exc7200/exc7200.o
                0x0000000008001a58                exc7200_TS_Start
 .text.exc7200_TS_EnableIT
                0x0000000008001a5c        0x4 ./Drivers/BSP/Components/exc7200/exc7200.o
                0x0000000008001a5c                exc7200_TS_EnableIT
 .text.stmpe811_TS_ClearIT
                0x0000000008001a60        0xc ./Drivers/BSP/Components/stmpe811/stmpe811.o
                0x0000000008001a60                stmpe811_TS_ClearIT
 .text.stmpe811_Reset
                0x0000000008001a6c       0x28 ./Drivers/BSP/Components/stmpe811/stmpe811.o
                0x0000000008001a6c                stmpe811_Reset
 .text.stmpe811_ReadID
                0x0000000008001a94       0x24 ./Drivers/BSP/Components/stmpe811/stmpe811.o
                0x0000000008001a94                stmpe811_ReadID
 .text.stmpe811_TS_DetectTouch
                0x0000000008001ab8       0x38 ./Drivers/BSP/Components/stmpe811/stmpe811.o
                0x0000000008001ab8                stmpe811_TS_DetectTouch
 .text.stmpe811_TS_ITStatus
                0x0000000008001af0       0x10 ./Drivers/BSP/Components/stmpe811/stmpe811.o
                0x0000000008001af0                stmpe811_TS_ITStatus
 .text.stmpe811_TS_GetXY
                0x0000000008001b00       0x40 ./Drivers/BSP/Components/stmpe811/stmpe811.o
                0x0000000008001b00                stmpe811_TS_GetXY
 .text.stmpe811_TS_Start
                0x0000000008001b40       0xb0 ./Drivers/BSP/Components/stmpe811/stmpe811.o
                0x0000000008001b40                stmpe811_TS_Start
 .text.stmpe811_TS_DisableIT
                0x0000000008001bf0       0x30 ./Drivers/BSP/Components/stmpe811/stmpe811.o
                0x0000000008001bf0                stmpe811_TS_DisableIT
 .text.stmpe811_TS_EnableIT
                0x0000000008001c20       0x38 ./Drivers/BSP/Components/stmpe811/stmpe811.o
                0x0000000008001c20                stmpe811_TS_EnableIT
 .text.stmpe811_Init
                0x0000000008001c58       0x48 ./Drivers/BSP/Components/stmpe811/stmpe811.o
                0x0000000008001c58                stmpe811_Init
 .text.ts3510_Reset
                0x0000000008001ca0        0x4 ./Drivers/BSP/Components/ts3510/ts3510.o
                0x0000000008001ca0                ts3510_Reset
 .text.ts3510_ReadID
                0x0000000008001ca4        0x4 ./Drivers/BSP/Components/ts3510/ts3510.o
                0x0000000008001ca4                ts3510_ReadID
 .text.ts3510_TS_ITStatus
                0x0000000008001ca8        0x4 ./Drivers/BSP/Components/ts3510/ts3510.o
                0x0000000008001ca8                ts3510_TS_ITStatus
 .text.ts3510_Init
                0x0000000008001cac        0x4 ./Drivers/BSP/Components/ts3510/ts3510.o
                0x0000000008001cac                ts3510_Init
 .text.ts3510_TS_DetectTouch
                0x0000000008001cb0       0x48 ./Drivers/BSP/Components/ts3510/ts3510.o
                0x0000000008001cb0                ts3510_TS_DetectTouch
 .text.ts3510_TS_GetXY
                0x0000000008001cf8       0x60 ./Drivers/BSP/Components/ts3510/ts3510.o
                0x0000000008001cf8                ts3510_TS_GetXY
 .text.ts3510_TS_DisableIT
                0x0000000008001d58        0x4 ./Drivers/BSP/Components/ts3510/ts3510.o
                0x0000000008001d58                ts3510_TS_DisableIT
 .text.ts3510_TS_ClearIT
                0x0000000008001d5c        0x4 ./Drivers/BSP/Components/ts3510/ts3510.o
                0x0000000008001d5c                ts3510_TS_ClearIT
 .text.ts3510_TS_Start
                0x0000000008001d60        0x4 ./Drivers/BSP/Components/ts3510/ts3510.o
                0x0000000008001d60                ts3510_TS_Start
 .text.ts3510_TS_EnableIT
                0x0000000008001d64        0x4 ./Drivers/BSP/Components/ts3510/ts3510.o
                0x0000000008001d64                ts3510_TS_EnableIT
 .text.I2Cx_Init.part.0
                0x0000000008001d68       0xc8 ./Drivers/BSP/STM324x9I_EVAL/stm324x9i_eval.o
 .text.BSP_TS3510_IsDetected
                0x0000000008001e30       0x8c ./Drivers/BSP/STM324x9I_EVAL/stm324x9i_eval.o
                0x0000000008001e30                BSP_TS3510_IsDetected
 .text.IOE_Init
                0x0000000008001ebc       0x18 ./Drivers/BSP/STM324x9I_EVAL/stm324x9i_eval.o
                0x0000000008001ebc                IOE_Init
 .text.IOE_ITConfig
                0x0000000008001ed4       0x78 ./Drivers/BSP/STM324x9I_EVAL/stm324x9i_eval.o
                0x0000000008001ed4                IOE_ITConfig
 .text.IOE_Write
                0x0000000008001f4c       0x4c ./Drivers/BSP/STM324x9I_EVAL/stm324x9i_eval.o
                0x0000000008001f4c                IOE_Write
 .text.IOE_Read
                0x0000000008001f98       0x50 ./Drivers/BSP/STM324x9I_EVAL/stm324x9i_eval.o
                0x0000000008001f98                IOE_Read
 .text.IOE_ReadMultiple
                0x0000000008001fe8       0x60 ./Drivers/BSP/STM324x9I_EVAL/stm324x9i_eval.o
                0x0000000008001fe8                IOE_ReadMultiple
 .text.IOE_WriteMultiple
                0x0000000008002048       0x44 ./Drivers/BSP/STM324x9I_EVAL/stm324x9i_eval.o
                0x0000000008002048                IOE_WriteMultiple
 .text.IOE_Delay
                0x000000000800208c        0x4 ./Drivers/BSP/STM324x9I_EVAL/stm324x9i_eval.o
                0x000000000800208c                IOE_Delay
 .text.BSP_LCD_LayerDefaultInit
                0x0000000008002090       0x7c ./Drivers/BSP/STM324x9I_EVAL/stm324x9i_eval_lcd.o
                0x0000000008002090                BSP_LCD_LayerDefaultInit
 .text.BSP_LCD_SetTextColor
                0x000000000800210c       0x18 ./Drivers/BSP/STM324x9I_EVAL/stm324x9i_eval_lcd.o
                0x000000000800210c                BSP_LCD_SetTextColor
 .text.BSP_LCD_SetBackColor
                0x0000000008002124       0x1c ./Drivers/BSP/STM324x9I_EVAL/stm324x9i_eval_lcd.o
                0x0000000008002124                BSP_LCD_SetBackColor
 .text.BSP_LCD_SetFont
                0x0000000008002140       0x1c ./Drivers/BSP/STM324x9I_EVAL/stm324x9i_eval_lcd.o
                0x0000000008002140                BSP_LCD_SetFont
 .text.BSP_LCD_Clear
                0x000000000800215c       0x7c ./Drivers/BSP/STM324x9I_EVAL/stm324x9i_eval_lcd.o
                0x000000000800215c                BSP_LCD_Clear
 .text.BSP_LCD_DisplayChar
                0x00000000080021d8       0xf8 ./Drivers/BSP/STM324x9I_EVAL/stm324x9i_eval_lcd.o
                0x00000000080021d8                BSP_LCD_DisplayChar
 .text.BSP_LCD_DisplayStringAt
                0x00000000080022d0       0xb8 ./Drivers/BSP/STM324x9I_EVAL/stm324x9i_eval_lcd.o
                0x00000000080022d0                BSP_LCD_DisplayStringAt
 .text.BSP_LCD_DisplayVertStringAt
                0x0000000008002388       0xd4 ./Drivers/BSP/STM324x9I_EVAL/stm324x9i_eval_lcd.o
                0x0000000008002388                BSP_LCD_DisplayVertStringAt
 .text.BSP_LCD_DrawVLine
                0x000000000800245c       0x90 ./Drivers/BSP/STM324x9I_EVAL/stm324x9i_eval_lcd.o
                0x000000000800245c                BSP_LCD_DrawVLine
 .text.BSP_LCD_DrawLine
                0x00000000080024ec      0x10c ./Drivers/BSP/STM324x9I_EVAL/stm324x9i_eval_lcd.o
                0x00000000080024ec                BSP_LCD_DrawLine
 .text.BSP_LCD_DisplayOn
                0x00000000080025f8       0x14 ./Drivers/BSP/STM324x9I_EVAL/stm324x9i_eval_lcd.o
                0x00000000080025f8                BSP_LCD_DisplayOn
 .text.BSP_LCD_ClockConfig
                0x000000000800260c       0x5c ./Drivers/BSP/STM324x9I_EVAL/stm324x9i_eval_lcd.o
                0x000000000800260c                BSP_LCD_ClockConfig
 .text.BSP_LCD_InitEx
                0x0000000008002668      0x1a4 ./Drivers/BSP/STM324x9I_EVAL/stm324x9i_eval_lcd.o
                0x0000000008002668                BSP_LCD_InitEx
 .text.BSP_LCD_Init
                0x000000000800280c        0x8 ./Drivers/BSP/STM324x9I_EVAL/stm324x9i_eval_lcd.o
                0x000000000800280c                BSP_LCD_Init
 *fill*         0x0000000008002814        0x4 
 .text.BSP_SDRAM_Initialization_sequence
                0x0000000008002818       0xb0 ./Drivers/BSP/STM324x9I_EVAL/stm324x9i_eval_sdram.o
                0x0000000008002818                BSP_SDRAM_Initialization_sequence
 .text.BSP_SDRAM_MspInit
                0x00000000080028c8      0x190 ./Drivers/BSP/STM324x9I_EVAL/stm324x9i_eval_sdram.o
                0x00000000080028c8                BSP_SDRAM_MspInit
 .text.BSP_SDRAM_Init
                0x0000000008002a58       0x84 ./Drivers/BSP/STM324x9I_EVAL/stm324x9i_eval_sdram.o
                0x0000000008002a58                BSP_SDRAM_Init
 .text.BSP_TS_Init
                0x0000000008002adc       0x84 ./Drivers/BSP/STM324x9I_EVAL/stm324x9i_eval_ts.o
                0x0000000008002adc                BSP_TS_Init
 .text.HAL_InitTick
                0x0000000008002b60       0x48 ./Drivers/STM32F4xx_HAL_Driver/Src/stm32f4xx_hal.o
                0x0000000008002b60                HAL_InitTick
 .text.HAL_Init
                0x0000000008002ba8       0x34 ./Drivers/STM32F4xx_HAL_Driver/Src/stm32f4xx_hal.o
                0x0000000008002ba8                HAL_Init
 .text.HAL_IncTick
                0x0000000008002bdc       0x18 ./Drivers/STM32F4xx_HAL_Driver/Src/stm32f4xx_hal.o
                0x0000000008002bdc                HAL_IncTick
 .text.HAL_GetTick
                0x0000000008002bf4        0xc ./Drivers/STM32F4xx_HAL_Driver/Src/stm32f4xx_hal.o
                0x0000000008002bf4                HAL_GetTick
 .text.HAL_Delay
                0x0000000008002c00       0x24 ./Drivers/STM32F4xx_HAL_Driver/Src/stm32f4xx_hal.o
                0x0000000008002c00                HAL_Delay
 .text.HAL_ADC_Init
                0x0000000008002c24      0x15c ./Drivers/STM32F4xx_HAL_Driver/Src/stm32f4xx_hal_adc.o
                0x0000000008002c24                HAL_ADC_Init
 .text.HAL_ADC_Start_IT
                0x0000000008002d80      0x13c ./Drivers/STM32F4xx_HAL_Driver/Src/stm32f4xx_hal_adc.o
                0x0000000008002d80                HAL_ADC_Start_IT
 .text.HAL_ADC_GetValue
                0x0000000008002ebc        0x8 ./Drivers/STM32F4xx_HAL_Driver/Src/stm32f4xx_hal_adc.o
                0x0000000008002ebc                HAL_ADC_GetValue
 .text.HAL_ADC_LevelOutOfWindowCallback
                0x0000000008002ec4        0x4 ./Drivers/STM32F4xx_HAL_Driver/Src/stm32f4xx_hal_adc.o
                0x0000000008002ec4                HAL_ADC_LevelOutOfWindowCallback
 .text.HAL_ADC_ErrorCallback
                0x0000000008002ec8        0x4 ./Drivers/STM32F4xx_HAL_Driver/Src/stm32f4xx_hal_adc.o
                0x0000000008002ec8                HAL_ADC_ErrorCallback
 .text.HAL_ADC_IRQHandler
                0x0000000008002ecc      0x120 ./Drivers/STM32F4xx_HAL_Driver/Src/stm32f4xx_hal_adc.o
                0x0000000008002ecc                HAL_ADC_IRQHandler
 .text.HAL_ADC_ConfigChannel
                0x0000000008002fec      0x17c ./Drivers/STM32F4xx_HAL_Driver/Src/stm32f4xx_hal_adc.o
                0x0000000008002fec                HAL_ADC_ConfigChannel
 .text.HAL_ADCEx_InjectedConvCpltCallback
                0x0000000008003168        0x4 ./Drivers/STM32F4xx_HAL_Driver/Src/stm32f4xx_hal_adc_ex.o
                0x0000000008003168                HAL_ADCEx_InjectedConvCpltCallback
 .text.HAL_NVIC_SetPriorityGrouping
                0x000000000800316c       0x24 ./Drivers/STM32F4xx_HAL_Driver/Src/stm32f4xx_hal_cortex.o
                0x000000000800316c                HAL_NVIC_SetPriorityGrouping
 .text.HAL_NVIC_SetPriority
                0x0000000008003190       0x7c ./Drivers/STM32F4xx_HAL_Driver/Src/stm32f4xx_hal_cortex.o
                0x0000000008003190                HAL_NVIC_SetPriority
 .text.HAL_NVIC_EnableIRQ
                0x000000000800320c       0x1c ./Drivers/STM32F4xx_HAL_Driver/Src/stm32f4xx_hal_cortex.o
                0x000000000800320c                HAL_NVIC_EnableIRQ
 .text.HAL_SYSTICK_Config
                0x0000000008003228       0x34 ./Drivers/STM32F4xx_HAL_Driver/Src/stm32f4xx_hal_cortex.o
                0x0000000008003228                HAL_SYSTICK_Config
 .text.HAL_DMA_Init
                0x000000000800325c      0x130 ./Drivers/STM32F4xx_HAL_Driver/Src/stm32f4xx_hal_dma.o
                0x000000000800325c                HAL_DMA_Init
 .text.HAL_DMA_DeInit
                0x000000000800338c       0x84 ./Drivers/STM32F4xx_HAL_Driver/Src/stm32f4xx_hal_dma.o
                0x000000000800338c                HAL_DMA_DeInit
 .text.HAL_DMA_Start_IT
                0x0000000008003410       0x80 ./Drivers/STM32F4xx_HAL_Driver/Src/stm32f4xx_hal_dma.o
                0x0000000008003410                HAL_DMA_Start_IT
 .text.HAL_DMA_Abort
                0x0000000008003490       0x90 ./Drivers/STM32F4xx_HAL_Driver/Src/stm32f4xx_hal_dma.o
                0x0000000008003490                HAL_DMA_Abort
 .text.HAL_DMA_Abort_IT
                0x0000000008003520       0x24 ./Drivers/STM32F4xx_HAL_Driver/Src/stm32f4xx_hal_dma.o
                0x0000000008003520                HAL_DMA_Abort_IT
 .text.HAL_DMA_IRQHandler
                0x0000000008003544      0x1e0 ./Drivers/STM32F4xx_HAL_Driver/Src/stm32f4xx_hal_dma.o
                0x0000000008003544                HAL_DMA_IRQHandler
 .text.HAL_DMA2D_Init
                0x0000000008003724       0x5c ./Drivers/STM32F4xx_HAL_Driver/Src/stm32f4xx_hal_dma2d.o
                0x0000000008003724                HAL_DMA2D_Init
 .text.HAL_DMA2D_Start
                0x0000000008003780       0xac ./Drivers/STM32F4xx_HAL_Driver/Src/stm32f4xx_hal_dma2d.o
                0x0000000008003780                HAL_DMA2D_Start
 .text.HAL_DMA2D_PollForTransfer
                0x000000000800382c      0x128 ./Drivers/STM32F4xx_HAL_Driver/Src/stm32f4xx_hal_dma2d.o
                0x000000000800382c                HAL_DMA2D_PollForTransfer
 .text.HAL_DMA2D_ConfigLayer
                0x0000000008003954       0xac ./Drivers/STM32F4xx_HAL_Driver/Src/stm32f4xx_hal_dma2d.o
                0x0000000008003954                HAL_DMA2D_ConfigLayer
 .text.HAL_GPIO_Init
                0x0000000008003a00      0x278 ./Drivers/STM32F4xx_HAL_Driver/Src/stm32f4xx_hal_gpio.o
                0x0000000008003a00                HAL_GPIO_Init
 .text.HAL_GPIO_DeInit
                0x0000000008003c78      0x180 ./Drivers/STM32F4xx_HAL_Driver/Src/stm32f4xx_hal_gpio.o
                0x0000000008003c78                HAL_GPIO_DeInit
 .text.HAL_GPIO_WritePin
                0x0000000008003df8        0x8 ./Drivers/STM32F4xx_HAL_Driver/Src/stm32f4xx_hal_gpio.o
                0x0000000008003df8                HAL_GPIO_WritePin
 .text.I2C_RequestMemoryWrite
                0x0000000008003e00      0x1ec ./Drivers/STM32F4xx_HAL_Driver/Src/stm32f4xx_hal_i2c.o
 .text.I2C_RequestMemoryRead
                0x0000000008003fec      0x2a8 ./Drivers/STM32F4xx_HAL_Driver/Src/stm32f4xx_hal_i2c.o
 .text.HAL_I2C_Init
                0x0000000008004294      0x190 ./Drivers/STM32F4xx_HAL_Driver/Src/stm32f4xx_hal_i2c.o
                0x0000000008004294                HAL_I2C_Init
 .text.HAL_I2C_DeInit
                0x0000000008004424       0x34 ./Drivers/STM32F4xx_HAL_Driver/Src/stm32f4xx_hal_i2c.o
                0x0000000008004424                HAL_I2C_DeInit
 .text.HAL_I2C_Master_Receive
                0x0000000008004458      0x4e0 ./Drivers/STM32F4xx_HAL_Driver/Src/stm32f4xx_hal_i2c.o
                0x0000000008004458                HAL_I2C_Master_Receive
 .text.HAL_I2C_Mem_Write
                0x0000000008004938      0x1e8 ./Drivers/STM32F4xx_HAL_Driver/Src/stm32f4xx_hal_i2c.o
                0x0000000008004938                HAL_I2C_Mem_Write
 .text.HAL_I2C_Mem_Read
                0x0000000008004b20      0x35c ./Drivers/STM32F4xx_HAL_Driver/Src/stm32f4xx_hal_i2c.o
                0x0000000008004b20                HAL_I2C_Mem_Read
 .text.HAL_I2C_GetState
                0x0000000008004e7c        0x8 ./Drivers/STM32F4xx_HAL_Driver/Src/stm32f4xx_hal_i2c.o
                0x0000000008004e7c                HAL_I2C_GetState
 .text.HAL_I2C_GetError
                0x0000000008004e84        0x4 ./Drivers/STM32F4xx_HAL_Driver/Src/stm32f4xx_hal_i2c.o
                0x0000000008004e84                HAL_I2C_GetError
 .text.HAL_I2CEx_ConfigAnalogFilter
                0x0000000008004e88       0x40 ./Drivers/STM32F4xx_HAL_Driver/Src/stm32f4xx_hal_i2c_ex.o
                0x0000000008004e88                HAL_I2CEx_ConfigAnalogFilter
 .text.HAL_I2CEx_ConfigDigitalFilter
                0x0000000008004ec8       0x48 ./Drivers/STM32F4xx_HAL_Driver/Src/stm32f4xx_hal_i2c_ex.o
                0x0000000008004ec8                HAL_I2CEx_ConfigDigitalFilter
 .text.HAL_LTDC_Init
                0x0000000008004f10       0xe0 ./Drivers/STM32F4xx_HAL_Driver/Src/stm32f4xx_hal_ltdc.o
                0x0000000008004f10                HAL_LTDC_Init
 .text.HAL_LTDC_ConfigLayer
                0x0000000008004ff0      0x1a8 ./Drivers/STM32F4xx_HAL_Driver/Src/stm32f4xx_hal_ltdc.o
                0x0000000008004ff0                HAL_LTDC_ConfigLayer
 .text.HAL_PWREx_EnableOverDrive
                0x0000000008005198       0x78 ./Drivers/STM32F4xx_HAL_Driver/Src/stm32f4xx_hal_pwr_ex.o
                0x0000000008005198                HAL_PWREx_EnableOverDrive
 .text.HAL_RCC_OscConfig
                0x0000000008005210      0x3c8 ./Drivers/STM32F4xx_HAL_Driver/Src/stm32f4xx_hal_rcc.o
                0x0000000008005210                HAL_RCC_OscConfig
 .text.HAL_RCC_GetSysClockFreq
                0x00000000080055d8       0x4c ./Drivers/STM32F4xx_HAL_Driver/Src/stm32f4xx_hal_rcc.o
                0x00000000080055d8                HAL_RCC_GetSysClockFreq
 .text.HAL_RCC_ClockConfig
                0x0000000008005624      0x13c ./Drivers/STM32F4xx_HAL_Driver/Src/stm32f4xx_hal_rcc.o
                0x0000000008005624                HAL_RCC_ClockConfig
 .text.HAL_RCC_GetPCLK1Freq
                0x0000000008005760       0x20 ./Drivers/STM32F4xx_HAL_Driver/Src/stm32f4xx_hal_rcc.o
                0x0000000008005760                HAL_RCC_GetPCLK1Freq
 .text.HAL_RCC_GetPCLK2Freq
                0x0000000008005780       0x20 ./Drivers/STM32F4xx_HAL_Driver/Src/stm32f4xx_hal_rcc.o
                0x0000000008005780                HAL_RCC_GetPCLK2Freq
 .text.HAL_RCCEx_PeriphCLKConfig
                0x00000000080057a0      0x258 ./Drivers/STM32F4xx_HAL_Driver/Src/stm32f4xx_hal_rcc_ex.o
                0x00000000080057a0                HAL_RCCEx_PeriphCLKConfig
 .text.HAL_SAI_Init
                0x00000000080059f8      0x19c ./Drivers/STM32F4xx_HAL_Driver/Src/stm32f4xx_hal_sai.o
                0x00000000080059f8                HAL_SAI_Init
 .text.HAL_SAI_Abort
                0x0000000008005b94       0xe0 ./Drivers/STM32F4xx_HAL_Driver/Src/stm32f4xx_hal_sai.o
                0x0000000008005b94                HAL_SAI_Abort
 .text.HAL_SAI_Transmit_DMA
                0x0000000008005c74      0x114 ./Drivers/STM32F4xx_HAL_Driver/Src/stm32f4xx_hal_sai.o
                0x0000000008005c74                HAL_SAI_Transmit_DMA
 .text.HAL_SAI_Receive_DMA
                0x0000000008005d88       0xd8 ./Drivers/STM32F4xx_HAL_Driver/Src/stm32f4xx_hal_sai.o
                0x0000000008005d88                HAL_SAI_Receive_DMA
 .text.HAL_SAI_TxCpltCallback
                0x0000000008005e60        0x4 ./Drivers/STM32F4xx_HAL_Driver/Src/stm32f4xx_hal_sai.o
                0x0000000008005e60                HAL_SAI_TxCpltCallback
 .text.SAI_DMATxCplt
                0x0000000008005e64       0x64 ./Drivers/STM32F4xx_HAL_Driver/Src/stm32f4xx_hal_sai.o
 .text.HAL_SAI_TxHalfCpltCallback
                0x0000000008005ec8        0x4 ./Drivers/STM32F4xx_HAL_Driver/Src/stm32f4xx_hal_sai.o
                0x0000000008005ec8                HAL_SAI_TxHalfCpltCallback
 .text.SAI_DMATxHalfCplt
                0x0000000008005ecc        0xc ./Drivers/STM32F4xx_HAL_Driver/Src/stm32f4xx_hal_sai.o
 .text.SAI_DMARxCplt
                0x0000000008005ed8       0x64 ./Drivers/STM32F4xx_HAL_Driver/Src/stm32f4xx_hal_sai.o
 .text.SAI_DMARxHalfCplt
                0x0000000008005f3c        0xc ./Drivers/STM32F4xx_HAL_Driver/Src/stm32f4xx_hal_sai.o
 .text.HAL_SAI_ErrorCallback
                0x0000000008005f48        0x4 ./Drivers/STM32F4xx_HAL_Driver/Src/stm32f4xx_hal_sai.o
                0x0000000008005f48                HAL_SAI_ErrorCallback
 .text.SAI_DMAError
                0x0000000008005f4c       0x78 ./Drivers/STM32F4xx_HAL_Driver/Src/stm32f4xx_hal_sai.o
 .text.HAL_SAI_IRQHandler
                0x0000000008005fc4      0x120 ./Drivers/STM32F4xx_HAL_Driver/Src/stm32f4xx_hal_sai.o
                0x0000000008005fc4                HAL_SAI_IRQHandler
 .text.SAI_DMAAbort
                0x00000000080060e4       0x70 ./Drivers/STM32F4xx_HAL_Driver/Src/stm32f4xx_hal_sai.o
 .text.SAI_BlockSynchroConfig
                0x0000000008006154       0x24 ./Drivers/STM32F4xx_HAL_Driver/Src/stm32f4xx_hal_sai_ex.o
                0x0000000008006154                SAI_BlockSynchroConfig
 .text.SAI_GetInputClock
                0x0000000008006178       0x9c ./Drivers/STM32F4xx_HAL_Driver/Src/stm32f4xx_hal_sai_ex.o
                0x0000000008006178                SAI_GetInputClock
 .text.HAL_SDRAM_Init
                0x0000000008006214       0x44 ./Drivers/STM32F4xx_HAL_Driver/Src/stm32f4xx_hal_sdram.o
                0x0000000008006214                HAL_SDRAM_Init
 .text.HAL_SDRAM_SendCommand
                0x0000000008006258       0x3c ./Drivers/STM32F4xx_HAL_Driver/Src/stm32f4xx_hal_sdram.o
                0x0000000008006258                HAL_SDRAM_SendCommand
 .text.HAL_SDRAM_ProgramRefreshRate
                0x0000000008006294       0x30 ./Drivers/STM32F4xx_HAL_Driver/Src/stm32f4xx_hal_sdram.o
                0x0000000008006294                HAL_SDRAM_ProgramRefreshRate
 .text.HAL_UART_Init
                0x00000000080062c4      0x134 ./Drivers/STM32F4xx_HAL_Driver/Src/stm32f4xx_hal_uart.o
                0x00000000080062c4                HAL_UART_Init
 .text.FMC_SDRAM_Init
                0x00000000080063f8       0x7c ./Drivers/STM32F4xx_HAL_Driver/Src/stm32f4xx_ll_fmc.o
                0x00000000080063f8                FMC_SDRAM_Init
 .text.FMC_SDRAM_Timing_Init
                0x0000000008006474       0x98 ./Drivers/STM32F4xx_HAL_Driver/Src/stm32f4xx_ll_fmc.o
                0x0000000008006474                FMC_SDRAM_Timing_Init
 .text.FMC_SDRAM_SendCommand
                0x000000000800650c       0x54 ./Drivers/STM32F4xx_HAL_Driver/Src/stm32f4xx_ll_fmc.o
                0x000000000800650c                FMC_SDRAM_SendCommand
 .text.FMC_SDRAM_ProgramRefreshRate
                0x0000000008006560       0x18 ./Drivers/STM32F4xx_HAL_Driver/Src/stm32f4xx_ll_fmc.o
                0x0000000008006560                FMC_SDRAM_ProgramRefreshRate
 .text.arm_split_rfft_q31
                0x0000000008006578      0x18c ../libs\libarm_cortexM4lf_math.a(arm_rfft_q31.o)
                0x0000000008006578                arm_split_rfft_q31
 .text.arm_split_rifft_q31
                0x0000000008006704      0x140 ../libs\libarm_cortexM4lf_math.a(arm_rfft_q31.o)
                0x0000000008006704                arm_split_rifft_q31
 .text.arm_rfft_q31
                0x0000000008006844       0x78 ../libs\libarm_cortexM4lf_math.a(arm_rfft_q31.o)
                0x0000000008006844                arm_rfft_q31
 .text.arm_rfft_init_q31
                0x00000000080068bc      0x110 ../libs\libarm_cortexM4lf_math.a(arm_rfft_init_q31.o)
                0x00000000080068bc                arm_rfft_init_q31
 .text.arm_cmplx_mag_q31
                0x00000000080069cc       0xe8 ../libs\libarm_cortexM4lf_math.a(arm_cmplx_mag_q31.o)
                0x00000000080069cc                arm_cmplx_mag_q31
 .text.arm_sqrt_q31
                0x0000000008006ab4       0xf0 ../libs\libarm_cortexM4lf_math.a(arm_sqrt_q31.o)
                0x0000000008006ab4                arm_sqrt_q31
 .text.arm_shift_q31
                0x0000000008006ba4      0x17c ../libs\libarm_cortexM4lf_math.a(arm_shift_q31.o)
                0x0000000008006ba4                arm_shift_q31
 .text.arm_cfft_radix4by2_q31
                0x0000000008006d20      0x140 ../libs\libarm_cortexM4lf_math.a(arm_cfft_q31.o)
                0x0000000008006d20                arm_cfft_radix4by2_q31
 .text.arm_cfft_radix4by2_inverse_q31
                0x0000000008006e60      0x154 ../libs\libarm_cortexM4lf_math.a(arm_cfft_q31.o)
                0x0000000008006e60                arm_cfft_radix4by2_inverse_q31
 .text.arm_cfft_q31
                0x0000000008006fb4       0xbc ../libs\libarm_cortexM4lf_math.a(arm_cfft_q31.o)
                0x0000000008006fb4                arm_cfft_q31
 .text.arm_radix4_butterfly_q31
                0x0000000008007070      0x414 ../libs\libarm_cortexM4lf_math.a(arm_cfft_radix4_q31.o)
                0x0000000008007070                arm_radix4_butterfly_q31
 .text.arm_radix4_butterfly_inverse_q31
                0x0000000008007484      0x410 ../libs\libarm_cortexM4lf_math.a(arm_cfft_radix4_q31.o)
                0x0000000008007484                arm_radix4_butterfly_inverse_q31
 .text.__libc_init_array
                0x0000000008007894       0x48 c:/st/stm32cubeide_1.10.1/stm32cubeide/plugins/com.st.stm32cube.ide.mcu.externaltools.gnu-tools-for-stm32.10.3-2021.10.win32_1.0.0.202111181127/tools/bin/../lib/gcc/arm-none-eabi/10.3.1/../../../../arm-none-eabi/lib/thumb/v7e-m+fp/hard\libc_nano.a(lib_a-init.o)
                0x0000000008007894                __libc_init_array
 .text.memset   0x00000000080078dc       0x10 c:/st/stm32cubeide_1.10.1/stm32cubeide/plugins/com.st.stm32cube.ide.mcu.externaltools.gnu-tools-for-stm32.10.3-2021.10.win32_1.0.0.202111181127/tools/bin/../lib/gcc/arm-none-eabi/10.3.1/../../../../arm-none-eabi/lib/thumb/v7e-m+fp/hard\libc_nano.a(lib_a-memset.o)
                0x00000000080078dc                memset
 *(.glue_7)
 .glue_7        0x00000000080078ec        0x0 linker stubs
 *(.glue_7t)
 .glue_7t       0x00000000080078ec        0x0 linker stubs
 *(.eh_frame)
 .eh_frame      0x00000000080078ec        0x0 c:/st/stm32cubeide_1.10.1/stm32cubeide/plugins/com.st.stm32cube.ide.mcu.externaltools.gnu-tools-for-stm32.10.3-2021.10.win32_1.0.0.202111181127/tools/bin/../lib/gcc/arm-none-eabi/10.3.1/thumb/v7e-m+fp/hard/crtbegin.o
 *(.init)
 .init          0x00000000080078ec        0x4 c:/st/stm32cubeide_1.10.1/stm32cubeide/plugins/com.st.stm32cube.ide.mcu.externaltools.gnu-tools-for-stm32.10.3-2021.10.win32_1.0.0.202111181127/tools/bin/../lib/gcc/arm-none-eabi/10.3.1/thumb/v7e-m+fp/hard/crti.o
                0x00000000080078ec                _init
 .init          0x00000000080078f0        0x8 c:/st/stm32cubeide_1.10.1/stm32cubeide/plugins/com.st.stm32cube.ide.mcu.externaltools.gnu-tools-for-stm32.10.3-2021.10.win32_1.0.0.202111181127/tools/bin/../lib/gcc/arm-none-eabi/10.3.1/thumb/v7e-m+fp/hard/crtn.o
 *(.fini)
 .fini          0x00000000080078f8        0x4 c:/st/stm32cubeide_1.10.1/stm32cubeide/plugins/com.st.stm32cube.ide.mcu.externaltools.gnu-tools-for-stm32.10.3-2021.10.win32_1.0.0.202111181127/tools/bin/../lib/gcc/arm-none-eabi/10.3.1/thumb/v7e-m+fp/hard/crti.o
                0x00000000080078f8                _fini
 .fini          0x00000000080078fc        0x8 c:/st/stm32cubeide_1.10.1/stm32cubeide/plugins/com.st.stm32cube.ide.mcu.externaltools.gnu-tools-for-stm32.10.3-2021.10.win32_1.0.0.202111181127/tools/bin/../lib/gcc/arm-none-eabi/10.3.1/thumb/v7e-m+fp/hard/crtn.o
                0x0000000008007904                . = ALIGN (0x4)
                0x0000000008007904                _etext = .

.vfp11_veneer   0x0000000008007904        0x0
 .vfp11_veneer  0x0000000008007904        0x0 linker stubs

.v4_bx          0x0000000008007904        0x0
 .v4_bx         0x0000000008007904        0x0 linker stubs

.iplt           0x0000000008007904        0x0
 .iplt          0x0000000008007904        0x0 c:/st/stm32cubeide_1.10.1/stm32cubeide/plugins/com.st.stm32cube.ide.mcu.externaltools.gnu-tools-for-stm32.10.3-2021.10.win32_1.0.0.202111181127/tools/bin/../lib/gcc/arm-none-eabi/10.3.1/thumb/v7e-m+fp/hard/crtbegin.o

.rodata         0x0000000008007904    0x22b5c
                0x0000000008007904                . = ALIGN (0x4)
 *(.rodata)
 *(.rodata*)
 .rodata.myConfig
                0x0000000008007904      0x186 ./Core/Src/WM8994.o
                0x0000000008007904                myConfig
 *fill*         0x0000000008007a8a        0x2 
 .rodata.main.str1.4
                0x0000000008007a8c       0x80 ./Core/Src/main.o
 .rodata.AHBPrescTable
                0x0000000008007b0c       0x10 ./Core/Src/system_stm32f4xx.o
                0x0000000008007b0c                AHBPrescTable
 .rodata.APBPrescTable
                0x0000000008007b1c        0x8 ./Core/Src/system_stm32f4xx.o
                0x0000000008007b1c                APBPrescTable
 .rodata.Font12_Table
                0x0000000008007b24      0x474 ./Drivers/BSP/STM324x9I_EVAL/stm324x9i_eval_lcd.o
                0x0000000008007b24                Font12_Table
 .rodata.Font16_Table
                0x0000000008007f98      0xbe0 ./Drivers/BSP/STM324x9I_EVAL/stm324x9i_eval_lcd.o
                0x0000000008007f98                Font16_Table
 .rodata.Font24_Table
                0x0000000008008b78     0x1ab8 ./Drivers/BSP/STM324x9I_EVAL/stm324x9i_eval_lcd.o
                0x0000000008008b78                Font24_Table
 .rodata.flagBitshiftOffset.0
                0x000000000800a630        0x8 ./Drivers/STM32F4xx_HAL_Driver/Src/stm32f4xx_hal_dma.o
 .rodata.realCoefAQ31
                0x000000000800a638     0x8000 ../libs\libarm_cortexM4lf_math.a(arm_rfft_init_q31.o)
 .rodata.realCoefBQ31
                0x0000000008012638     0x8000 ../libs\libarm_cortexM4lf_math.a(arm_rfft_init_q31.o)
 .rodata.arm_cfft_sR_q31_len512
                0x000000000801a638       0x10 ../libs\libarm_cortexM4lf_math.a(arm_const_structs.o)
                0x000000000801a638                arm_cfft_sR_q31_len512
 .rodata.arm_cfft_sR_q31_len4096
                0x000000000801a648       0x10 ../libs\libarm_cortexM4lf_math.a(arm_const_structs.o)
                0x000000000801a648                arm_cfft_sR_q31_len4096
 .rodata.arm_cfft_sR_q31_len16
                0x000000000801a658       0x10 ../libs\libarm_cortexM4lf_math.a(arm_const_structs.o)
                0x000000000801a658                arm_cfft_sR_q31_len16
 .rodata.arm_cfft_sR_q31_len32
                0x000000000801a668       0x10 ../libs\libarm_cortexM4lf_math.a(arm_const_structs.o)
                0x000000000801a668                arm_cfft_sR_q31_len32
 .rodata.arm_cfft_sR_q31_len2048
                0x000000000801a678       0x10 ../libs\libarm_cortexM4lf_math.a(arm_const_structs.o)
                0x000000000801a678                arm_cfft_sR_q31_len2048
 .rodata.arm_cfft_sR_q31_len256
                0x000000000801a688       0x10 ../libs\libarm_cortexM4lf_math.a(arm_const_structs.o)
                0x000000000801a688                arm_cfft_sR_q31_len256
 .rodata.arm_cfft_sR_q31_len1024
                0x000000000801a698       0x10 ../libs\libarm_cortexM4lf_math.a(arm_const_structs.o)
                0x000000000801a698                arm_cfft_sR_q31_len1024
 .rodata.arm_cfft_sR_q31_len128
                0x000000000801a6a8       0x10 ../libs\libarm_cortexM4lf_math.a(arm_const_structs.o)
                0x000000000801a6a8                arm_cfft_sR_q31_len128
 .rodata.arm_cfft_sR_q31_len64
                0x000000000801a6b8       0x10 ../libs\libarm_cortexM4lf_math.a(arm_const_structs.o)
                0x000000000801a6b8                arm_cfft_sR_q31_len64
 .rodata.armBitRevIndexTable_fixed_128
                0x000000000801a6c8       0xe0 ../libs\libarm_cortexM4lf_math.a(arm_common_tables.o)
                0x000000000801a6c8                armBitRevIndexTable_fixed_128
 .rodata.armBitRevIndexTable_fixed_2048
                0x000000000801a7a8      0xf80 ../libs\libarm_cortexM4lf_math.a(arm_common_tables.o)
                0x000000000801a7a8                armBitRevIndexTable_fixed_2048
 .rodata.twiddleCoef_32_q31
                0x000000000801b728       0xc0 ../libs\libarm_cortexM4lf_math.a(arm_common_tables.o)
                0x000000000801b728                twiddleCoef_32_q31
 .rodata.armBitRevIndexTable_fixed_4096
                0x000000000801b7e8     0x1f80 ../libs\libarm_cortexM4lf_math.a(arm_common_tables.o)
                0x000000000801b7e8                armBitRevIndexTable_fixed_4096
 .rodata.armBitRevIndexTable_fixed_1024
                0x000000000801d768      0x7c0 ../libs\libarm_cortexM4lf_math.a(arm_common_tables.o)
                0x000000000801d768                armBitRevIndexTable_fixed_1024
 .rodata.twiddleCoef_1024_q31
                0x000000000801df28     0x1800 ../libs\libarm_cortexM4lf_math.a(arm_common_tables.o)
                0x000000000801df28                twiddleCoef_1024_q31
 .rodata.twiddleCoef_4096_q31
                0x000000000801f728     0x6000 ../libs\libarm_cortexM4lf_math.a(arm_common_tables.o)
                0x000000000801f728                twiddleCoef_4096_q31
 .rodata.twiddleCoef_16_q31
                0x0000000008025728       0x60 ../libs\libarm_cortexM4lf_math.a(arm_common_tables.o)
                0x0000000008025728                twiddleCoef_16_q31
 .rodata.twiddleCoef_64_q31
                0x0000000008025788      0x180 ../libs\libarm_cortexM4lf_math.a(arm_common_tables.o)
                0x0000000008025788                twiddleCoef_64_q31
 .rodata.twiddleCoef_2048_q31
                0x0000000008025908     0x3000 ../libs\libarm_cortexM4lf_math.a(arm_common_tables.o)
                0x0000000008025908                twiddleCoef_2048_q31
 .rodata.twiddleCoef_256_q31
                0x0000000008028908      0x600 ../libs\libarm_cortexM4lf_math.a(arm_common_tables.o)
                0x0000000008028908                twiddleCoef_256_q31
 .rodata.twiddleCoef_512_q31
                0x0000000008028f08      0xc00 ../libs\libarm_cortexM4lf_math.a(arm_common_tables.o)
                0x0000000008028f08                twiddleCoef_512_q31
 .rodata.armBitRevIndexTable_fixed_512
                0x0000000008029b08      0x3c0 ../libs\libarm_cortexM4lf_math.a(arm_common_tables.o)
                0x0000000008029b08                armBitRevIndexTable_fixed_512
 .rodata.armBitRevIndexTable_fixed_16
                0x0000000008029ec8       0x18 ../libs\libarm_cortexM4lf_math.a(arm_common_tables.o)
                0x0000000008029ec8                armBitRevIndexTable_fixed_16
 .rodata.armBitRevIndexTable_fixed_32
                0x0000000008029ee0       0x30 ../libs\libarm_cortexM4lf_math.a(arm_common_tables.o)
                0x0000000008029ee0                armBitRevIndexTable_fixed_32
 .rodata.armBitRevIndexTable_fixed_256
                0x0000000008029f10      0x1e0 ../libs\libarm_cortexM4lf_math.a(arm_common_tables.o)
                0x0000000008029f10                armBitRevIndexTable_fixed_256
 .rodata.armBitRevIndexTable_fixed_64
                0x000000000802a0f0       0x70 ../libs\libarm_cortexM4lf_math.a(arm_common_tables.o)
                0x000000000802a0f0                armBitRevIndexTable_fixed_64
 .rodata.twiddleCoef_128_q31
                0x000000000802a160      0x300 ../libs\libarm_cortexM4lf_math.a(arm_common_tables.o)
                0x000000000802a160                twiddleCoef_128_q31
                0x000000000802a460                . = ALIGN (0x4)

.ARM.extab      0x000000000802a460        0x0
                0x000000000802a460                . = ALIGN (0x4)
 *(.ARM.extab* .gnu.linkonce.armextab.*)
                0x000000000802a460                . = ALIGN (0x4)

.ARM            0x000000000802a460        0x8
                0x000000000802a460                . = ALIGN (0x4)
                0x000000000802a460                __exidx_start = .
 *(.ARM.exidx*)
 .ARM.exidx     0x000000000802a460        0x8 c:/st/stm32cubeide_1.10.1/stm32cubeide/plugins/com.st.stm32cube.ide.mcu.externaltools.gnu-tools-for-stm32.10.3-2021.10.win32_1.0.0.202111181127/tools/bin/../lib/gcc/arm-none-eabi/10.3.1/thumb/v7e-m+fp/hard\libgcc.a(_udivmoddi4.o)
                0x000000000802a468                __exidx_end = .
                0x000000000802a468                . = ALIGN (0x4)

.rel.dyn        0x000000000802a468        0x0
 .rel.iplt      0x000000000802a468        0x0 c:/st/stm32cubeide_1.10.1/stm32cubeide/plugins/com.st.stm32cube.ide.mcu.externaltools.gnu-tools-for-stm32.10.3-2021.10.win32_1.0.0.202111181127/tools/bin/../lib/gcc/arm-none-eabi/10.3.1/thumb/v7e-m+fp/hard/crtbegin.o

.preinit_array  0x000000000802a468        0x0
                0x000000000802a468                . = ALIGN (0x4)
                0x000000000802a468                PROVIDE (__preinit_array_start = .)
 *(.preinit_array*)
                0x000000000802a468                PROVIDE (__preinit_array_end = .)
                0x000000000802a468                . = ALIGN (0x4)

.init_array     0x000000000802a468        0x4
                0x000000000802a468                . = ALIGN (0x4)
                0x000000000802a468                PROVIDE (__init_array_start = .)
 *(SORT_BY_NAME(.init_array.*))
 *(.init_array*)
 .init_array    0x000000000802a468        0x4 c:/st/stm32cubeide_1.10.1/stm32cubeide/plugins/com.st.stm32cube.ide.mcu.externaltools.gnu-tools-for-stm32.10.3-2021.10.win32_1.0.0.202111181127/tools/bin/../lib/gcc/arm-none-eabi/10.3.1/thumb/v7e-m+fp/hard/crtbegin.o
                0x000000000802a46c                PROVIDE (__init_array_end = .)
                0x000000000802a46c                . = ALIGN (0x4)

.fini_array     0x000000000802a46c        0x4
                0x000000000802a46c                . = ALIGN (0x4)
                [!provide]                        PROVIDE (__fini_array_start = .)
 *(SORT_BY_NAME(.fini_array.*))
 *(.fini_array*)
 .fini_array    0x000000000802a46c        0x4 c:/st/stm32cubeide_1.10.1/stm32cubeide/plugins/com.st.stm32cube.ide.mcu.externaltools.gnu-tools-for-stm32.10.3-2021.10.win32_1.0.0.202111181127/tools/bin/../lib/gcc/arm-none-eabi/10.3.1/thumb/v7e-m+fp/hard/crtbegin.o
                [!provide]                        PROVIDE (__fini_array_end = .)
                0x000000000802a470                . = ALIGN (0x4)
                0x000000000802a470                _sidata = LOADADDR (.data)

.data           0x0000000020000000       0xa0 load address 0x000000000802a470
                0x0000000020000000                . = ALIGN (0x4)
                0x0000000020000000                _sdata = .
 *(.data)
 *(.data*)
 .data.shiftFact
                0x0000000020000000        0x1 ./Core/Src/main.o
                0x0000000020000000                shiftFact
 *fill*         0x0000000020000001        0x3 
 .data.SystemCoreClock
                0x0000000020000004        0x4 ./Core/Src/system_stm32f4xx.o
                0x0000000020000004                SystemCoreClock
 .data.exc7200_ts_drv
                0x0000000020000008       0x28 ./Drivers/BSP/Components/exc7200/exc7200.o
                0x0000000020000008                exc7200_ts_drv
 .data.stmpe811_ts_drv
                0x0000000020000030       0x28 ./Drivers/BSP/Components/stmpe811/stmpe811.o
                0x0000000020000030                stmpe811_ts_drv
 .data.ts3510_ts_drv
                0x0000000020000058       0x28 ./Drivers/BSP/Components/ts3510/ts3510.o
                0x0000000020000058                ts3510_ts_drv
 .data.Font12   0x0000000020000080        0x8 ./Drivers/BSP/STM324x9I_EVAL/stm324x9i_eval_lcd.o
                0x0000000020000080                Font12
 .data.Font16   0x0000000020000088        0x8 ./Drivers/BSP/STM324x9I_EVAL/stm324x9i_eval_lcd.o
                0x0000000020000088                Font16
 .data.Font24   0x0000000020000090        0x8 ./Drivers/BSP/STM324x9I_EVAL/stm324x9i_eval_lcd.o
                0x0000000020000090                Font24
 .data.sdramstatus.1
                0x0000000020000098        0x1 ./Drivers/BSP/STM324x9I_EVAL/stm324x9i_eval_sdram.o
 .data.uwTickFreq
                0x0000000020000099        0x1 ./Drivers/STM32F4xx_HAL_Driver/Src/stm32f4xx_hal.o
                0x0000000020000099                uwTickFreq
 *fill*         0x000000002000009a        0x2 
 .data.uwTickPrio
                0x000000002000009c        0x4 ./Drivers/STM32F4xx_HAL_Driver/Src/stm32f4xx_hal.o
                0x000000002000009c                uwTickPrio
 *(.RamFunc)
 *(.RamFunc*)
                0x00000000200000a0                . = ALIGN (0x4)
                0x00000000200000a0                _edata = .
                0x000000000802a510                _siccmram = LOADADDR (.ccmram)

.igot.plt       0x00000000200000a0        0x0 load address 0x000000000802a510
 .igot.plt      0x00000000200000a0        0x0 c:/st/stm32cubeide_1.10.1/stm32cubeide/plugins/com.st.stm32cube.ide.mcu.externaltools.gnu-tools-for-stm32.10.3-2021.10.win32_1.0.0.202111181127/tools/bin/../lib/gcc/arm-none-eabi/10.3.1/thumb/v7e-m+fp/hard/crtbegin.o

.ccmram         0x0000000010000000        0x0 load address 0x000000000802a510
                0x0000000010000000                . = ALIGN (0x4)
                0x0000000010000000                _sccmram = .
 *(.ccmram)
 *(.ccmram*)
                0x0000000010000000                . = ALIGN (0x4)
                0x0000000010000000                _eccmram = .
                0x0000000010000000                . = ALIGN (0x4)

.bss            0x00000000200000a0     0x3094
                0x00000000200000a0                _sbss = .
                0x00000000200000a0                __bss_start__ = _sbss
 *(.bss)
 .bss           0x00000000200000a0       0x1c c:/st/stm32cubeide_1.10.1/stm32cubeide/plugins/com.st.stm32cube.ide.mcu.externaltools.gnu-tools-for-stm32.10.3-2021.10.win32_1.0.0.202111181127/tools/bin/../lib/gcc/arm-none-eabi/10.3.1/thumb/v7e-m+fp/hard/crtbegin.o
 *(.bss*)
 *fill*         0x00000000200000bc        0x4 
 .bss.hadc3     0x00000000200000c0       0x48 ./Core/Src/adc.o
                0x00000000200000c0                hadc3
 .bss.hdma2d    0x0000000020000108       0x40 ./Core/Src/dma2d.o
                0x0000000020000108                hdma2d
 .bss.FMC_Initialized
                0x0000000020000148        0x4 ./Core/Src/fmc.o
 .bss.hsdram1   0x000000002000014c       0x34 ./Core/Src/fmc.o
                0x000000002000014c                hsdram1
 .bss.hi2c1     0x0000000020000180       0x54 ./Core/Src/i2c.o
                0x0000000020000180                hi2c1
 .bss.hi2c3     0x00000000200001d4       0x54 ./Core/Src/i2c.o
                0x00000000200001d4                hi2c3
 .bss.hltdc     0x0000000020000228       0xa8 ./Core/Src/ltdc.o
                0x0000000020000228                hltdc
 .bss.DMABuffin
                0x00000000200002d0      0x800 ./Core/Src/main.o
                0x00000000200002d0                DMABuffin
 .bss.DMABuffin_ch1
                0x0000000020000ad0      0x800 ./Core/Src/main.o
                0x0000000020000ad0                DMABuffin_ch1
 .bss.DMABuffout
                0x00000000200012d0      0x800 ./Core/Src/main.o
                0x00000000200012d0                DMABuffout
 .bss.amount_of_modulation
                0x0000000020001ad0        0x2 ./Core/Src/main.o
                0x0000000020001ad0                amount_of_modulation
 *fill*         0x0000000020001ad2        0x2 
 .bss.fft_buff  0x0000000020001ad4      0x800 ./Core/Src/main.o
                0x0000000020001ad4                fft_buff
 .bss.mag_fft_buff
                0x00000000200022d4      0x800 ./Core/Src/main.o
                0x00000000200022d4                mag_fft_buff
 .bss.medianBuffer
                0x0000000020002ad4      0x190 ./Core/Src/main.o
 .bss.medianFilter
                0x0000000020002c64       0x14 ./Core/Src/main.o
 .bss.medianValue
                0x0000000020002c78        0x4 ./Core/Src/main.o
                0x0000000020002c78                medianValue
 .bss.realFFT_Instance
                0x0000000020002c7c       0x18 ./Core/Src/main.o
                0x0000000020002c7c                realFFT_Instance
 .bss.realIFFT_Instance
                0x0000000020002c94       0x18 ./Core/Src/main.o
                0x0000000020002c94                realIFFT_Instance
 .bss.SAI1_client
                0x0000000020002cac        0x4 ./Core/Src/sai.o
 .bss.hdma_sai1_a
                0x0000000020002cb0       0x60 ./Core/Src/sai.o
                0x0000000020002cb0                hdma_sai1_a
 .bss.hdma_sai1_b
                0x0000000020002d10       0x60 ./Core/Src/sai.o
                0x0000000020002d10                hdma_sai1_b
 .bss.hsai_BlockA1
                0x0000000020002d70       0x88 ./Core/Src/sai.o
                0x0000000020002d70                hsai_BlockA1
 .bss.hsai_BlockB1
                0x0000000020002df8       0x88 ./Core/Src/sai.o
                0x0000000020002df8                hsai_BlockB1
 .bss.huart1    0x0000000020002e80       0x44 ./Core/Src/usart.o
                0x0000000020002e80                huart1
 .bss.aBufferTS
                0x0000000020002ec4        0xa ./Drivers/BSP/Components/exc7200/exc7200.o
                0x0000000020002ec4                aBufferTS
 *fill*         0x0000000020002ece        0x2 
 .bss.stmpe811  0x0000000020002ed0        0x2 ./Drivers/BSP/Components/stmpe811/stmpe811.o
                0x0000000020002ed0                stmpe811
 .bss.I2C_IT_Enabled.0
                0x0000000020002ed2        0x1 ./Drivers/BSP/STM324x9I_EVAL/stm324x9i_eval.o
 *fill*         0x0000000020002ed3        0x1 
 .bss.heval_I2c
                0x0000000020002ed4       0x54 ./Drivers/BSP/STM324x9I_EVAL/stm324x9i_eval.o
 .bss.ActiveLayer
                0x0000000020002f28        0x4 ./Drivers/BSP/STM324x9I_EVAL/stm324x9i_eval_lcd.o
 .bss.DrawProp  0x0000000020002f2c       0x18 ./Drivers/BSP/STM324x9I_EVAL/stm324x9i_eval_lcd.o
 .bss.PCLK_profile
                0x0000000020002f44        0x4 ./Drivers/BSP/STM324x9I_EVAL/stm324x9i_eval_lcd.o
 .bss.hdma2d_eval
                0x0000000020002f48       0x40 ./Drivers/BSP/STM324x9I_EVAL/stm324x9i_eval_lcd.o
 .bss.hltdc_eval
                0x0000000020002f88       0xa8 ./Drivers/BSP/STM324x9I_EVAL/stm324x9i_eval_lcd.o
                0x0000000020002f88                hltdc_eval
 .bss.periph_clk_init_struct.0
                0x0000000020003030       0x30 ./Drivers/BSP/STM324x9I_EVAL/stm324x9i_eval_lcd.o
 .bss.Command   0x0000000020003060       0x10 ./Drivers/BSP/STM324x9I_EVAL/stm324x9i_eval_sdram.o
 .bss.Timing    0x0000000020003070       0x1c ./Drivers/BSP/STM324x9I_EVAL/stm324x9i_eval_sdram.o
 .bss.dmaHandle.0
                0x000000002000308c       0x60 ./Drivers/BSP/STM324x9I_EVAL/stm324x9i_eval_sdram.o
 .bss.sdramHandle
                0x00000000200030ec       0x34 ./Drivers/BSP/STM324x9I_EVAL/stm324x9i_eval_sdram.o
 .bss.I2C_Address
                0x0000000020003120        0x1 ./Drivers/BSP/STM324x9I_EVAL/stm324x9i_eval_ts.o
 *fill*         0x0000000020003121        0x3 
 .bss.ts_driver
                0x0000000020003124        0x4 ./Drivers/BSP/STM324x9I_EVAL/stm324x9i_eval_ts.o
 .bss.ts_orientation
                0x0000000020003128        0x1 ./Drivers/BSP/STM324x9I_EVAL/stm324x9i_eval_ts.o
 *fill*         0x0000000020003129        0x1 
 .bss.ts_x_boundary
                0x000000002000312a        0x2 ./Drivers/BSP/STM324x9I_EVAL/stm324x9i_eval_ts.o
 .bss.ts_y_boundary
                0x000000002000312c        0x2 ./Drivers/BSP/STM324x9I_EVAL/stm324x9i_eval_ts.o
 *fill*         0x000000002000312e        0x2 
 .bss.uwTick    0x0000000020003130        0x4 ./Drivers/STM32F4xx_HAL_Driver/Src/stm32f4xx_hal.o
                0x0000000020003130                uwTick
 *(COMMON)
                0x0000000020003134                . = ALIGN (0x4)
                0x0000000020003134                _ebss = .
                0x0000000020003134                __bss_end__ = _ebss

._user_heap_stack
                0x0000000020003134      0x604
                0x0000000020003138                . = ALIGN (0x8)
 *fill*         0x0000000020003134        0x4 
                [!provide]                        PROVIDE (end = .)
                0x0000000020003138                PROVIDE (_end = .)
                0x0000000020003338                . = (. + _Min_Heap_Size)
 *fill*         0x0000000020003138      0x200 
                0x0000000020003738                . = (. + _Min_Stack_Size)
 *fill*         0x0000000020003338      0x400 
                0x0000000020003738                . = ALIGN (0x8)

/DISCARD/
 libc.a(*)
 libm.a(*)
 libgcc.a(*)

.ARM.attributes
                0x0000000000000000       0x30
 *(.ARM.attributes)
 .ARM.attributes
                0x0000000000000000       0x1e c:/st/stm32cubeide_1.10.1/stm32cubeide/plugins/com.st.stm32cube.ide.mcu.externaltools.gnu-tools-for-stm32.10.3-2021.10.win32_1.0.0.202111181127/tools/bin/../lib/gcc/arm-none-eabi/10.3.1/thumb/v7e-m+fp/hard/crti.o
 .ARM.attributes
                0x000000000000001e       0x34 c:/st/stm32cubeide_1.10.1/stm32cubeide/plugins/com.st.stm32cube.ide.mcu.externaltools.gnu-tools-for-stm32.10.3-2021.10.win32_1.0.0.202111181127/tools/bin/../lib/gcc/arm-none-eabi/10.3.1/thumb/v7e-m+fp/hard/crtbegin.o
 .ARM.attributes
                0x0000000000000052       0x30 ./Core/Src/MedianFilter.o
 .ARM.attributes
                0x0000000000000082       0x30 ./Core/Src/WM8994.o
 .ARM.attributes
                0x00000000000000b2       0x30 ./Core/Src/adc.o
 .ARM.attributes
                0x00000000000000e2       0x30 ./Core/Src/dma.o
 .ARM.attributes
                0x0000000000000112       0x30 ./Core/Src/dma2d.o
 .ARM.attributes
                0x0000000000000142       0x30 ./Core/Src/fmc.o
 .ARM.attributes
                0x0000000000000172       0x30 ./Core/Src/gpio.o
 .ARM.attributes
                0x00000000000001a2       0x30 ./Core/Src/i2c.o
 .ARM.attributes
                0x00000000000001d2       0x30 ./Core/Src/ltdc.o
 .ARM.attributes
                0x0000000000000202       0x30 ./Core/Src/main.o
 .ARM.attributes
                0x0000000000000232       0x30 ./Core/Src/sai.o
 .ARM.attributes
                0x0000000000000262       0x30 ./Core/Src/stm32f4xx_hal_msp.o
 .ARM.attributes
                0x0000000000000292       0x30 ./Core/Src/stm32f4xx_it.o
 .ARM.attributes
                0x00000000000002c2       0x30 ./Core/Src/system_stm32f4xx.o
 .ARM.attributes
                0x00000000000002f2       0x30 ./Core/Src/usart.o
 .ARM.attributes
                0x0000000000000322       0x21 ./Core/Startup/startup_stm32f429nihx.o
 .ARM.attributes
                0x0000000000000343       0x30 ./Drivers/BSP/Components/exc7200/exc7200.o
 .ARM.attributes
                0x0000000000000373       0x30 ./Drivers/BSP/Components/stmpe811/stmpe811.o
 .ARM.attributes
                0x00000000000003a3       0x30 ./Drivers/BSP/Components/ts3510/ts3510.o
 .ARM.attributes
                0x00000000000003d3       0x30 ./Drivers/BSP/STM324x9I_EVAL/stm324x9i_eval.o
 .ARM.attributes
                0x0000000000000403       0x30 ./Drivers/BSP/STM324x9I_EVAL/stm324x9i_eval_lcd.o
 .ARM.attributes
                0x0000000000000433       0x30 ./Drivers/BSP/STM324x9I_EVAL/stm324x9i_eval_sdram.o
 .ARM.attributes
                0x0000000000000463       0x30 ./Drivers/BSP/STM324x9I_EVAL/stm324x9i_eval_ts.o
 .ARM.attributes
                0x0000000000000493       0x30 ./Drivers/STM32F4xx_HAL_Driver/Src/stm32f4xx_hal.o
 .ARM.attributes
                0x00000000000004c3       0x30 ./Drivers/STM32F4xx_HAL_Driver/Src/stm32f4xx_hal_adc.o
 .ARM.attributes
                0x00000000000004f3       0x30 ./Drivers/STM32F4xx_HAL_Driver/Src/stm32f4xx_hal_adc_ex.o
 .ARM.attributes
                0x0000000000000523       0x30 ./Drivers/STM32F4xx_HAL_Driver/Src/stm32f4xx_hal_cortex.o
 .ARM.attributes
                0x0000000000000553       0x30 ./Drivers/STM32F4xx_HAL_Driver/Src/stm32f4xx_hal_dma.o
 .ARM.attributes
                0x0000000000000583       0x30 ./Drivers/STM32F4xx_HAL_Driver/Src/stm32f4xx_hal_dma2d.o
 .ARM.attributes
                0x00000000000005b3       0x30 ./Drivers/STM32F4xx_HAL_Driver/Src/stm32f4xx_hal_gpio.o
 .ARM.attributes
                0x00000000000005e3       0x30 ./Drivers/STM32F4xx_HAL_Driver/Src/stm32f4xx_hal_i2c.o
 .ARM.attributes
                0x0000000000000613       0x30 ./Drivers/STM32F4xx_HAL_Driver/Src/stm32f4xx_hal_i2c_ex.o
 .ARM.attributes
                0x0000000000000643       0x30 ./Drivers/STM32F4xx_HAL_Driver/Src/stm32f4xx_hal_ltdc.o
 .ARM.attributes
                0x0000000000000673       0x30 ./Drivers/STM32F4xx_HAL_Driver/Src/stm32f4xx_hal_pwr_ex.o
 .ARM.attributes
                0x00000000000006a3       0x30 ./Drivers/STM32F4xx_HAL_Driver/Src/stm32f4xx_hal_rcc.o
 .ARM.attributes
                0x00000000000006d3       0x30 ./Drivers/STM32F4xx_HAL_Driver/Src/stm32f4xx_hal_rcc_ex.o
 .ARM.attributes
                0x0000000000000703       0x30 ./Drivers/STM32F4xx_HAL_Driver/Src/stm32f4xx_hal_sai.o
 .ARM.attributes
                0x0000000000000733       0x30 ./Drivers/STM32F4xx_HAL_Driver/Src/stm32f4xx_hal_sai_ex.o
 .ARM.attributes
                0x0000000000000763       0x30 ./Drivers/STM32F4xx_HAL_Driver/Src/stm32f4xx_hal_sdram.o
 .ARM.attributes
                0x0000000000000793       0x30 ./Drivers/STM32F4xx_HAL_Driver/Src/stm32f4xx_hal_uart.o
 .ARM.attributes
                0x00000000000007c3       0x30 ./Drivers/STM32F4xx_HAL_Driver/Src/stm32f4xx_ll_fmc.o
 .ARM.attributes
                0x00000000000007f3       0x39 ../libs\libarm_cortexM4lf_math.a(arm_rfft_q31.o)
 .ARM.attributes
                0x000000000000082c       0x39 ../libs\libarm_cortexM4lf_math.a(arm_rfft_init_q31.o)
 .ARM.attributes
                0x0000000000000865       0x39 ../libs\libarm_cortexM4lf_math.a(arm_cmplx_mag_q31.o)
 .ARM.attributes
                0x000000000000089e       0x39 ../libs\libarm_cortexM4lf_math.a(arm_sqrt_q31.o)
 .ARM.attributes
                0x00000000000008d7       0x39 ../libs\libarm_cortexM4lf_math.a(arm_shift_q31.o)
 .ARM.attributes
                0x0000000000000910       0x39 ../libs\libarm_cortexM4lf_math.a(arm_const_structs.o)
 .ARM.attributes
                0x0000000000000949       0x39 ../libs\libarm_cortexM4lf_math.a(arm_common_tables.o)
 .ARM.attributes
                0x0000000000000982       0x39 ../libs\libarm_cortexM4lf_math.a(arm_cfft_q31.o)
 .ARM.attributes
                0x00000000000009bb       0x25 ../libs\libarm_cortexM4lf_math.a(arm_bitreversal2.o)
 .ARM.attributes
                0x00000000000009e0       0x39 ../libs\libarm_cortexM4lf_math.a(arm_cfft_radix4_q31.o)
 .ARM.attributes
                0x0000000000000a19       0x34 c:/st/stm32cubeide_1.10.1/stm32cubeide/plugins/com.st.stm32cube.ide.mcu.externaltools.gnu-tools-for-stm32.10.3-2021.10.win32_1.0.0.202111181127/tools/bin/../lib/gcc/arm-none-eabi/10.3.1/../../../../arm-none-eabi/lib/thumb/v7e-m+fp/hard\libc_nano.a(lib_a-init.o)
 .ARM.attributes
                0x0000000000000a4d       0x34 c:/st/stm32cubeide_1.10.1/stm32cubeide/plugins/com.st.stm32cube.ide.mcu.externaltools.gnu-tools-for-stm32.10.3-2021.10.win32_1.0.0.202111181127/tools/bin/../lib/gcc/arm-none-eabi/10.3.1/../../../../arm-none-eabi/lib/thumb/v7e-m+fp/hard\libc_nano.a(lib_a-memset.o)
 .ARM.attributes
                0x0000000000000a81       0x1e c:/st/stm32cubeide_1.10.1/stm32cubeide/plugins/com.st.stm32cube.ide.mcu.externaltools.gnu-tools-for-stm32.10.3-2021.10.win32_1.0.0.202111181127/tools/bin/../lib/gcc/arm-none-eabi/10.3.1/thumb/v7e-m+fp/hard\libgcc.a(_aeabi_uldivmod.o)
 .ARM.attributes
                0x0000000000000a9f       0x34 c:/st/stm32cubeide_1.10.1/stm32cubeide/plugins/com.st.stm32cube.ide.mcu.externaltools.gnu-tools-for-stm32.10.3-2021.10.win32_1.0.0.202111181127/tools/bin/../lib/gcc/arm-none-eabi/10.3.1/thumb/v7e-m+fp/hard\libgcc.a(_udivmoddi4.o)
 .ARM.attributes
                0x0000000000000ad3       0x1e c:/st/stm32cubeide_1.10.1/stm32cubeide/plugins/com.st.stm32cube.ide.mcu.externaltools.gnu-tools-for-stm32.10.3-2021.10.win32_1.0.0.202111181127/tools/bin/../lib/gcc/arm-none-eabi/10.3.1/thumb/v7e-m+fp/hard\libgcc.a(_dvmd_tls.o)
 .ARM.attributes
                0x0000000000000af1       0x1e c:/st/stm32cubeide_1.10.1/stm32cubeide/plugins/com.st.stm32cube.ide.mcu.externaltools.gnu-tools-for-stm32.10.3-2021.10.win32_1.0.0.202111181127/tools/bin/../lib/gcc/arm-none-eabi/10.3.1/thumb/v7e-m+fp/hard/crtn.o
OUTPUT(LTCD.elf elf32-littlearm)
LOAD linker stubs
LOAD c:/st/stm32cubeide_1.10.1/stm32cubeide/plugins/com.st.stm32cube.ide.mcu.externaltools.gnu-tools-for-stm32.10.3-2021.10.win32_1.0.0.202111181127/tools/bin/../lib/gcc/arm-none-eabi/10.3.1/../../../../arm-none-eabi/lib/thumb/v7e-m+fp/hard\libc.a
LOAD c:/st/stm32cubeide_1.10.1/stm32cubeide/plugins/com.st.stm32cube.ide.mcu.externaltools.gnu-tools-for-stm32.10.3-2021.10.win32_1.0.0.202111181127/tools/bin/../lib/gcc/arm-none-eabi/10.3.1/../../../../arm-none-eabi/lib/thumb/v7e-m+fp/hard\libm.a
LOAD c:/st/stm32cubeide_1.10.1/stm32cubeide/plugins/com.st.stm32cube.ide.mcu.externaltools.gnu-tools-for-stm32.10.3-2021.10.win32_1.0.0.202111181127/tools/bin/../lib/gcc/arm-none-eabi/10.3.1/thumb/v7e-m+fp/hard\libgcc.a

.debug_info     0x0000000000000000    0x30526
 .debug_info    0x0000000000000000      0x1b2 ./Core/Src/MedianFilter.o
 .debug_info    0x00000000000001b2      0x798 ./Core/Src/WM8994.o
 .debug_info    0x000000000000094a      0xdb3 ./Core/Src/adc.o
 .debug_info    0x00000000000016fd      0x59e ./Core/Src/dma.o
 .debug_info    0x0000000000001c9b      0x6fe ./Core/Src/dma2d.o
 .debug_info    0x0000000000002399      0xb93 ./Core/Src/fmc.o
 .debug_info    0x0000000000002f2c      0x592 ./Core/Src/gpio.o
 .debug_info    0x00000000000034be      0xd02 ./Core/Src/i2c.o
 .debug_info    0x00000000000041c0      0xec2 ./Core/Src/ltdc.o
 .debug_info    0x0000000000005082     0x2441 ./Core/Src/main.o
 .debug_info    0x00000000000074c3      0xf8c ./Core/Src/sai.o
 .debug_info    0x000000000000844f      0x2e6 ./Core/Src/stm32f4xx_hal_msp.o
 .debug_info    0x0000000000008735      0xaba ./Core/Src/stm32f4xx_it.o
 .debug_info    0x00000000000091ef      0x558 ./Core/Src/system_stm32f4xx.o
 .debug_info    0x0000000000009747      0xa6d ./Core/Src/usart.o
 .debug_info    0x000000000000a1b4       0x22 ./Core/Startup/startup_stm32f429nihx.o
 .debug_info    0x000000000000a1d6      0x3e6 ./Drivers/BSP/Components/exc7200/exc7200.o
 .debug_info    0x000000000000a5bc     0x294d ./Drivers/BSP/Components/stmpe811/stmpe811.o
 .debug_info    0x000000000000cf09      0x495 ./Drivers/BSP/Components/ts3510/ts3510.o
 .debug_info    0x000000000000d39e     0x2d5e ./Drivers/BSP/STM324x9I_EVAL/stm324x9i_eval.o
 .debug_info    0x00000000000100fc     0x478f ./Drivers/BSP/STM324x9I_EVAL/stm324x9i_eval_lcd.o
 .debug_info    0x000000000001488b     0x1309 ./Drivers/BSP/STM324x9I_EVAL/stm324x9i_eval_sdram.o
 .debug_info    0x0000000000015b94      0x53a ./Drivers/BSP/STM324x9I_EVAL/stm324x9i_eval_ts.o
 .debug_info    0x00000000000160ce      0xac8 ./Drivers/STM32F4xx_HAL_Driver/Src/stm32f4xx_hal.o
 .debug_info    0x0000000000016b96      0xeff ./Drivers/STM32F4xx_HAL_Driver/Src/stm32f4xx_hal_adc.o
 .debug_info    0x0000000000017a95      0xcec ./Drivers/STM32F4xx_HAL_Driver/Src/stm32f4xx_hal_adc_ex.o
 .debug_info    0x0000000000018781     0x10ce ./Drivers/STM32F4xx_HAL_Driver/Src/stm32f4xx_hal_cortex.o
 .debug_info    0x000000000001984f      0xb8a ./Drivers/STM32F4xx_HAL_Driver/Src/stm32f4xx_hal_dma.o
 .debug_info    0x000000000001a3d9     0x15e6 ./Drivers/STM32F4xx_HAL_Driver/Src/stm32f4xx_hal_dma2d.o
 .debug_info    0x000000000001b9bf      0x7d2 ./Drivers/STM32F4xx_HAL_Driver/Src/stm32f4xx_hal_gpio.o
 .debug_info    0x000000000001c191     0x4660 ./Drivers/STM32F4xx_HAL_Driver/Src/stm32f4xx_hal_i2c.o
 .debug_info    0x00000000000207f1      0x6c9 ./Drivers/STM32F4xx_HAL_Driver/Src/stm32f4xx_hal_i2c_ex.o
 .debug_info    0x0000000000020eba     0x17f4 ./Drivers/STM32F4xx_HAL_Driver/Src/stm32f4xx_hal_ltdc.o
 .debug_info    0x00000000000226ae      0x7a7 ./Drivers/STM32F4xx_HAL_Driver/Src/stm32f4xx_hal_pwr_ex.o
 .debug_info    0x0000000000022e55      0xba3 ./Drivers/STM32F4xx_HAL_Driver/Src/stm32f4xx_hal_rcc.o
 .debug_info    0x00000000000239f8      0x825 ./Drivers/STM32F4xx_HAL_Driver/Src/stm32f4xx_hal_rcc_ex.o
 .debug_info    0x000000000002421d     0x1b9a ./Drivers/STM32F4xx_HAL_Driver/Src/stm32f4xx_hal_sai.o
 .debug_info    0x0000000000025db7      0x951 ./Drivers/STM32F4xx_HAL_Driver/Src/stm32f4xx_hal_sai_ex.o
 .debug_info    0x0000000000026708     0x11a2 ./Drivers/STM32F4xx_HAL_Driver/Src/stm32f4xx_hal_sdram.o
 .debug_info    0x00000000000278aa     0x4b37 ./Drivers/STM32F4xx_HAL_Driver/Src/stm32f4xx_hal_uart.o
 .debug_info    0x000000000002c3e1      0xfb8 ./Drivers/STM32F4xx_HAL_Driver/Src/stm32f4xx_ll_fmc.o
 .debug_info    0x000000000002d399      0x548 ../libs\libarm_cortexM4lf_math.a(arm_rfft_q31.o)
 .debug_info    0x000000000002d8e1      0x356 ../libs\libarm_cortexM4lf_math.a(arm_rfft_init_q31.o)
 .debug_info    0x000000000002dc37      0x2f8 ../libs\libarm_cortexM4lf_math.a(arm_cmplx_mag_q31.o)
 .debug_info    0x000000000002df2f      0x1f6 ../libs\libarm_cortexM4lf_math.a(arm_sqrt_q31.o)
 .debug_info    0x000000000002e125      0x22e ../libs\libarm_cortexM4lf_math.a(arm_shift_q31.o)
 .debug_info    0x000000000002e353      0x9f5 ../libs\libarm_cortexM4lf_math.a(arm_const_structs.o)
 .debug_info    0x000000000002ed48      0x99d ../libs\libarm_cortexM4lf_math.a(arm_common_tables.o)
 .debug_info    0x000000000002f6e5      0x595 ../libs\libarm_cortexM4lf_math.a(arm_cfft_q31.o)
 .debug_info    0x000000000002fc7a       0x85 ../libs\libarm_cortexM4lf_math.a(arm_bitreversal2.o)
 .debug_info    0x000000000002fcff      0x827 ../libs\libarm_cortexM4lf_math.a(arm_cfft_radix4_q31.o)

.debug_abbrev   0x0000000000000000     0x6d7c
 .debug_abbrev  0x0000000000000000       0xf5 ./Core/Src/MedianFilter.o
 .debug_abbrev  0x00000000000000f5      0x1ea ./Core/Src/WM8994.o
 .debug_abbrev  0x00000000000002df      0x233 ./Core/Src/adc.o
 .debug_abbrev  0x0000000000000512      0x131 ./Core/Src/dma.o
 .debug_abbrev  0x0000000000000643      0x1f8 ./Core/Src/dma2d.o
 .debug_abbrev  0x000000000000083b      0x2b7 ./Core/Src/fmc.o
 .debug_abbrev  0x0000000000000af2      0x16a ./Core/Src/gpio.o
 .debug_abbrev  0x0000000000000c5c      0x255 ./Core/Src/i2c.o
 .debug_abbrev  0x0000000000000eb1      0x21b ./Core/Src/ltdc.o
 .debug_abbrev  0x00000000000010cc      0x43a ./Core/Src/main.o
 .debug_abbrev  0x0000000000001506      0x24d ./Core/Src/sai.o
 .debug_abbrev  0x0000000000001753      0x10a ./Core/Src/stm32f4xx_hal_msp.o
 .debug_abbrev  0x000000000000185d      0x1c6 ./Core/Src/stm32f4xx_it.o
 .debug_abbrev  0x0000000000001a23      0x11c ./Core/Src/system_stm32f4xx.o
 .debug_abbrev  0x0000000000001b3f      0x22a ./Core/Src/usart.o
 .debug_abbrev  0x0000000000001d69       0x12 ./Core/Startup/startup_stm32f429nihx.o
 .debug_abbrev  0x0000000000001d7b      0x1d6 ./Drivers/BSP/Components/exc7200/exc7200.o
 .debug_abbrev  0x0000000000001f51      0x3fa ./Drivers/BSP/Components/stmpe811/stmpe811.o
 .debug_abbrev  0x000000000000234b      0x1e8 ./Drivers/BSP/Components/ts3510/ts3510.o
 .debug_abbrev  0x0000000000002533      0x4da ./Drivers/BSP/STM324x9I_EVAL/stm324x9i_eval.o
 .debug_abbrev  0x0000000000002a0d      0x552 ./Drivers/BSP/STM324x9I_EVAL/stm324x9i_eval_lcd.o
 .debug_abbrev  0x0000000000002f5f      0x2ad ./Drivers/BSP/STM324x9I_EVAL/stm324x9i_eval_sdram.o
 .debug_abbrev  0x000000000000320c      0x263 ./Drivers/BSP/STM324x9I_EVAL/stm324x9i_eval_ts.o
 .debug_abbrev  0x000000000000346f      0x289 ./Drivers/STM32F4xx_HAL_Driver/Src/stm32f4xx_hal.o
 .debug_abbrev  0x00000000000036f8      0x2e9 ./Drivers/STM32F4xx_HAL_Driver/Src/stm32f4xx_hal_adc.o
 .debug_abbrev  0x00000000000039e1      0x2d8 ./Drivers/STM32F4xx_HAL_Driver/Src/stm32f4xx_hal_adc_ex.o
 .debug_abbrev  0x0000000000003cb9      0x363 ./Drivers/STM32F4xx_HAL_Driver/Src/stm32f4xx_hal_cortex.o
 .debug_abbrev  0x000000000000401c      0x333 ./Drivers/STM32F4xx_HAL_Driver/Src/stm32f4xx_hal_dma.o
 .debug_abbrev  0x000000000000434f      0x349 ./Drivers/STM32F4xx_HAL_Driver/Src/stm32f4xx_hal_dma2d.o
 .debug_abbrev  0x0000000000004698      0x204 ./Drivers/STM32F4xx_HAL_Driver/Src/stm32f4xx_hal_gpio.o
 .debug_abbrev  0x000000000000489c      0x417 ./Drivers/STM32F4xx_HAL_Driver/Src/stm32f4xx_hal_i2c.o
 .debug_abbrev  0x0000000000004cb3      0x163 ./Drivers/STM32F4xx_HAL_Driver/Src/stm32f4xx_hal_i2c_ex.o
 .debug_abbrev  0x0000000000004e16      0x2e6 ./Drivers/STM32F4xx_HAL_Driver/Src/stm32f4xx_hal_ltdc.o
 .debug_abbrev  0x00000000000050fc      0x1dd ./Drivers/STM32F4xx_HAL_Driver/Src/stm32f4xx_hal_pwr_ex.o
 .debug_abbrev  0x00000000000052d9      0x342 ./Drivers/STM32F4xx_HAL_Driver/Src/stm32f4xx_hal_rcc.o
 .debug_abbrev  0x000000000000561b      0x1bd ./Drivers/STM32F4xx_HAL_Driver/Src/stm32f4xx_hal_rcc_ex.o
 .debug_abbrev  0x00000000000057d8      0x366 ./Drivers/STM32F4xx_HAL_Driver/Src/stm32f4xx_hal_sai.o
 .debug_abbrev  0x0000000000005b3e      0x17a ./Drivers/STM32F4xx_HAL_Driver/Src/stm32f4xx_hal_sai_ex.o
 .debug_abbrev  0x0000000000005cb8      0x263 ./Drivers/STM32F4xx_HAL_Driver/Src/stm32f4xx_hal_sdram.o
 .debug_abbrev  0x0000000000005f1b      0x421 ./Drivers/STM32F4xx_HAL_Driver/Src/stm32f4xx_hal_uart.o
 .debug_abbrev  0x000000000000633c      0x1af ./Drivers/STM32F4xx_HAL_Driver/Src/stm32f4xx_ll_fmc.o
 .debug_abbrev  0x00000000000064eb      0x131 ../libs\libarm_cortexM4lf_math.a(arm_rfft_q31.o)
 .debug_abbrev  0x000000000000661c      0x112 ../libs\libarm_cortexM4lf_math.a(arm_rfft_init_q31.o)
 .debug_abbrev  0x000000000000672e       0xe8 ../libs\libarm_cortexM4lf_math.a(arm_cmplx_mag_q31.o)
 .debug_abbrev  0x0000000000006816       0xc6 ../libs\libarm_cortexM4lf_math.a(arm_sqrt_q31.o)
 .debug_abbrev  0x00000000000068dc       0xd7 ../libs\libarm_cortexM4lf_math.a(arm_shift_q31.o)
 .debug_abbrev  0x00000000000069b3       0xa9 ../libs\libarm_cortexM4lf_math.a(arm_const_structs.o)
 .debug_abbrev  0x0000000000006a5c       0x84 ../libs\libarm_cortexM4lf_math.a(arm_common_tables.o)
 .debug_abbrev  0x0000000000006ae0      0x131 ../libs\libarm_cortexM4lf_math.a(arm_cfft_q31.o)
 .debug_abbrev  0x0000000000006c11       0x14 ../libs\libarm_cortexM4lf_math.a(arm_bitreversal2.o)
 .debug_abbrev  0x0000000000006c25      0x157 ../libs\libarm_cortexM4lf_math.a(arm_cfft_radix4_q31.o)

.debug_loc      0x0000000000000000    0x240d1
 .debug_loc     0x0000000000000000      0x1dd ./Core/Src/MedianFilter.o
 .debug_loc     0x00000000000001dd       0x48 ./Core/Src/WM8994.o
 .debug_loc     0x0000000000000225       0x4a ./Core/Src/adc.o
 .debug_loc     0x000000000000026f       0x4a ./Core/Src/fmc.o
 .debug_loc     0x00000000000002b9       0x84 ./Core/Src/i2c.o
 .debug_loc     0x000000000000033d       0x64 ./Core/Src/ltdc.o
 .debug_loc     0x00000000000003a1      0x5a8 ./Core/Src/main.o
 .debug_loc     0x0000000000000949       0xbc ./Core/Src/sai.o
 .debug_loc     0x0000000000000a05      0x11c ./Core/Src/system_stm32f4xx.o
 .debug_loc     0x0000000000000b21       0x4a ./Core/Src/usart.o
 .debug_loc     0x0000000000000b6b      0x103 ./Drivers/BSP/Components/exc7200/exc7200.o
 .debug_loc     0x0000000000000c6e     0x1d8f ./Drivers/BSP/Components/stmpe811/stmpe811.o
 .debug_loc     0x00000000000029fd      0x11d ./Drivers/BSP/Components/ts3510/ts3510.o
 .debug_loc     0x0000000000002b1a     0x1293 ./Drivers/BSP/STM324x9I_EVAL/stm324x9i_eval.o
 .debug_loc     0x0000000000003dad     0x51b2 ./Drivers/BSP/STM324x9I_EVAL/stm324x9i_eval_lcd.o
 .debug_loc     0x0000000000008f5f      0x2c9 ./Drivers/BSP/STM324x9I_EVAL/stm324x9i_eval_sdram.o
 .debug_loc     0x0000000000009228       0xc9 ./Drivers/BSP/STM324x9I_EVAL/stm324x9i_eval_ts.o
 .debug_loc     0x00000000000092f1      0x168 ./Drivers/STM32F4xx_HAL_Driver/Src/stm32f4xx_hal.o
 .debug_loc     0x0000000000009459      0xb4b ./Drivers/STM32F4xx_HAL_Driver/Src/stm32f4xx_hal_adc.o
 .debug_loc     0x0000000000009fa4      0x99f ./Drivers/STM32F4xx_HAL_Driver/Src/stm32f4xx_hal_adc_ex.o
 .debug_loc     0x000000000000a943      0x783 ./Drivers/STM32F4xx_HAL_Driver/Src/stm32f4xx_hal_cortex.o
 .debug_loc     0x000000000000b0c6      0xaea ./Drivers/STM32F4xx_HAL_Driver/Src/stm32f4xx_hal_dma.o
 .debug_loc     0x000000000000bbb0     0x2e33 ./Drivers/STM32F4xx_HAL_Driver/Src/stm32f4xx_hal_dma2d.o
 .debug_loc     0x000000000000e9e3      0x563 ./Drivers/STM32F4xx_HAL_Driver/Src/stm32f4xx_hal_gpio.o
 .debug_loc     0x000000000000ef46     0x562c ./Drivers/STM32F4xx_HAL_Driver/Src/stm32f4xx_hal_i2c.o
 .debug_loc     0x0000000000014572       0xf8 ./Drivers/STM32F4xx_HAL_Driver/Src/stm32f4xx_hal_i2c_ex.o
 .debug_loc     0x000000000001466a     0x30e2 ./Drivers/STM32F4xx_HAL_Driver/Src/stm32f4xx_hal_ltdc.o
 .debug_loc     0x000000000001774c      0x224 ./Drivers/STM32F4xx_HAL_Driver/Src/stm32f4xx_hal_pwr_ex.o
 .debug_loc     0x0000000000017970      0x4fc ./Drivers/STM32F4xx_HAL_Driver/Src/stm32f4xx_hal_rcc.o
 .debug_loc     0x0000000000017e6c      0x497 ./Drivers/STM32F4xx_HAL_Driver/Src/stm32f4xx_hal_rcc_ex.o
 .debug_loc     0x0000000000018303     0x2151 ./Drivers/STM32F4xx_HAL_Driver/Src/stm32f4xx_hal_sai.o
 .debug_loc     0x000000000001a454      0x11f ./Drivers/STM32F4xx_HAL_Driver/Src/stm32f4xx_hal_sai_ex.o
 .debug_loc     0x000000000001a573      0xfc9 ./Drivers/STM32F4xx_HAL_Driver/Src/stm32f4xx_hal_sdram.o
 .debug_loc     0x000000000001b53c     0x5192 ./Drivers/STM32F4xx_HAL_Driver/Src/stm32f4xx_hal_uart.o
 .debug_loc     0x00000000000206ce      0x945 ./Drivers/STM32F4xx_HAL_Driver/Src/stm32f4xx_ll_fmc.o