../Core/Src/main.c:138:6:audio_changer	4	static
../Core/Src/main.c:160:6:soundProcess	16	static
../Core/Src/main.c:179:6:HAL_SAI_RxHalfCpltCallback	8	static
../Core/Src/main.c:201:6:HAL_SAI_RxCpltCallback	16	static
../Core/Src/main.c:233:6:HAL_ADC_ConvCpltCallback	8	static
../Core/Src/main.c:341:6:SystemClock_Config	88	static,ignoring_inline_asm
../Core/Src/main.c:402:6:PeriphCommonClock_Config	56	static,ignoring_inline_asm
../Core/Src/main.c:259:5:main	8	static
../Core/Src/main.c:426:6:Error_Handler	0	static,ignoring_inline_asm
