../Drivers/BSP/STM324x9I_EVAL/stm324x9i_eval_sdram.c:141:6:BSP_SDRAM_Initialization_sequence	32	static
../Drivers/BSP/STM324x9I_EVAL/stm324x9i_eval_sdram.c:203:9:BSP_SDRAM_ReadData	8	static
../Drivers/BSP/STM324x9I_EVAL/stm324x9i_eval_sdram.c:222:9:BSP_SDRAM_ReadData_DMA	8	static
../Drivers/BSP/STM324x9I_EVAL/stm324x9i_eval_sdram.c:241:9:BSP_SDRAM_WriteData	8	static
../Drivers/BSP/STM324x9I_EVAL/stm324x9i_eval_sdram.c:260:9:BSP_SDRAM_WriteData_DMA	8	static
../Drivers/BSP/STM324x9I_EVAL/stm324x9i_eval_sdram.c:277:9:BSP_SDRAM_Sendcmd	8	static
../Drivers/BSP/STM324x9I_EVAL/stm324x9i_eval_sdram.c:292:6:BSP_SDRAM_DMA_IRQHandler	0	static
../Drivers/BSP/STM324x9I_EVAL/stm324x9i_eval_sdram.c:300:13:BSP_SDRAM_MspInit	72	static
../Drivers/BSP/STM324x9I_EVAL/stm324x9i_eval_sdram.c:94:9:BSP_SDRAM_Init	16	static
