../Drivers/BSP/STM324x9I_EVAL/stm324x9i_eval_lcd.c:207:10:BSP_LCD_GetXSize	0	static
../Drivers/BSP/STM324x9I_EVAL/stm324x9i_eval_lcd.c:216:10:BSP_LCD_GetYSize	0	static
../Drivers/BSP/STM324x9I_EVAL/stm324x9i_eval_lcd.c:226:6:BSP_LCD_LayerDefaultInit	72	static
../Drivers/BSP/STM324x9I_EVAL/stm324x9i_eval_lcd.c:258:6:BSP_LCD_SelectLayer	0	static
../Drivers/BSP/STM324x9I_EVAL/stm324x9i_eval_lcd.c:271:6:BSP_LCD_SetLayerVisible	0	static
../Drivers/BSP/STM324x9I_EVAL/stm324x9i_eval_lcd.c:293:6:BSP_LCD_SetLayerVisible_NoReload	0	static
../Drivers/BSP/STM324x9I_EVAL/stm324x9i_eval_lcd.c:312:6:BSP_LCD_SetTransparency	0	static
../Drivers/BSP/STM324x9I_EVAL/stm324x9i_eval_lcd.c:324:6:BSP_LCD_SetTransparency_NoReload	0	static
../Drivers/BSP/STM324x9I_EVAL/stm324x9i_eval_lcd.c:334:6:BSP_LCD_SetLayerAddress	0	static
../Drivers/BSP/STM324x9I_EVAL/stm324x9i_eval_lcd.c:345:6:BSP_LCD_SetLayerAddress_NoReload	0	static
../Drivers/BSP/STM324x9I_EVAL/stm324x9i_eval_lcd.c:358:6:BSP_LCD_SetLayerWindow	24	static
../Drivers/BSP/STM324x9I_EVAL/stm324x9i_eval_lcd.c:376:6:BSP_LCD_SetLayerWindow_NoReload	24	static
../Drivers/BSP/STM324x9I_EVAL/stm324x9i_eval_lcd.c:390:6:BSP_LCD_SetColorKeying	16	static
../Drivers/BSP/STM324x9I_EVAL/stm324x9i_eval_lcd.c:403:6:BSP_LCD_SetColorKeying_NoReload	16	static
../Drivers/BSP/STM324x9I_EVAL/stm324x9i_eval_lcd.c:414:6:BSP_LCD_ResetColorKeying	0	static
../Drivers/BSP/STM324x9I_EVAL/stm324x9i_eval_lcd.c:425:6:BSP_LCD_ResetColorKeying_NoReload	0	static
../Drivers/BSP/STM324x9I_EVAL/stm324x9i_eval_lcd.c:438:6:BSP_LCD_Relaod	0	static
../Drivers/BSP/STM324x9I_EVAL/stm324x9i_eval_lcd.c:447:6:BSP_LCD_SetTextColor	0	static
../Drivers/BSP/STM324x9I_EVAL/stm324x9i_eval_lcd.c:456:10:BSP_LCD_GetTextColor	0	static
../Drivers/BSP/STM324x9I_EVAL/stm324x9i_eval_lcd.c:465:6:BSP_LCD_SetBackColor	0	static
../Drivers/BSP/STM324x9I_EVAL/stm324x9i_eval_lcd.c:474:10:BSP_LCD_GetBackColor	0	static
../Drivers/BSP/STM324x9I_EVAL/stm324x9i_eval_lcd.c:483:6:BSP_LCD_SetFont	0	static
../Drivers/BSP/STM324x9I_EVAL/stm324x9i_eval_lcd.c:492:8:BSP_LCD_GetFont	0	static
../Drivers/BSP/STM324x9I_EVAL/stm324x9i_eval_lcd.c:503:10:BSP_LCD_ReadPixel	8	static
../Drivers/BSP/STM324x9I_EVAL/stm324x9i_eval_lcd.c:537:6:BSP_LCD_Clear	40	static
../Drivers/BSP/STM324x9I_EVAL/stm324x9i_eval_lcd.c:547:6:BSP_LCD_ClearStringLine	64	static
../Drivers/BSP/STM324x9I_EVAL/stm324x9i_eval_lcd.c:566:6:BSP_LCD_DisplayChar	64	static
../Drivers/BSP/STM324x9I_EVAL/stm324x9i_eval_lcd.c:583:6:BSP_LCD_DisplayStringAt	32	static
../Drivers/BSP/STM324x9I_EVAL/stm324x9i_eval_lcd.c:644:6:BSP_LCD_DisplayVertStringAt	32	static
../Drivers/BSP/STM324x9I_EVAL/stm324x9i_eval_lcd.c:699:6:BSP_LCD_DisplayStringAtLine	0	static
../Drivers/BSP/STM324x9I_EVAL/stm324x9i_eval_lcd.c:710:6:BSP_LCD_DrawHLine	48	static
../Drivers/BSP/STM324x9I_EVAL/stm324x9i_eval_lcd.c:727:6:BSP_LCD_DrawVLine	48	static
../Drivers/BSP/STM324x9I_EVAL/stm324x9i_eval_lcd.c:745:6:BSP_LCD_DrawLine	56	static
../Drivers/BSP/STM324x9I_EVAL/stm324x9i_eval_lcd.c:819:6:BSP_LCD_DrawRect	64	static
../Drivers/BSP/STM324x9I_EVAL/stm324x9i_eval_lcd.c:836:6:BSP_LCD_DrawCircle	56	static
../Drivers/BSP/STM324x9I_EVAL/stm324x9i_eval_lcd.c:882:6:BSP_LCD_DrawPolygon	16	static
../Drivers/BSP/STM324x9I_EVAL/stm324x9i_eval_lcd.c:909:6:BSP_LCD_DrawEllipse	32	static
../Drivers/BSP/STM324x9I_EVAL/stm324x9i_eval_lcd.c:941:6:BSP_LCD_DrawBitmap	56	static
../Drivers/BSP/STM324x9I_EVAL/stm324x9i_eval_lcd.c:998:6:BSP_LCD_FillRect	56	static
../Drivers/BSP/STM324x9I_EVAL/stm324x9i_eval_lcd.c:1018:6:BSP_LCD_FillCircle	40	static
../Drivers/BSP/STM324x9I_EVAL/stm324x9i_eval_lcd.c:1065:6:BSP_LCD_FillPolygon	104	static
../Drivers/BSP/STM324x9I_EVAL/stm324x9i_eval_lcd.c:1132:6:BSP_LCD_FillEllipse	80	static
../Drivers/BSP/STM324x9I_EVAL/stm324x9i_eval_lcd.c:1161:6:BSP_LCD_DisplayOn	0	static
../Drivers/BSP/STM324x9I_EVAL/stm324x9i_eval_lcd.c:1170:6:BSP_LCD_DisplayOff	0	static
../Drivers/BSP/STM324x9I_EVAL/stm324x9i_eval_lcd.c:1233:13:BSP_LCD_ClockConfig	8	static
../Drivers/BSP/STM324x9I_EVAL/stm324x9i_eval_lcd.c:132:9:BSP_LCD_InitEx	72	static
../Drivers/BSP/STM324x9I_EVAL/stm324x9i_eval_lcd.c:122:9:BSP_LCD_Init	0	static
../Drivers/BSP/STM324x9I_EVAL/stm324x9i_eval_lcd.c:1293:6:BSP_LCD_DrawPixel	4	static
